This is pdfTeX, Version 3.141592653-2.6-1.40.26 (TeX Live 2024) (preloaded format=pdflatex 2024.10.8)  31 OCT 2024 11:50
entering extended mode
 restricted \write18 enabled.
 file:line:error style messages enabled.
 %&-line parsing enabled.
**/home/lucas_galdino/Desktop/TCC/planning/problem_definition/tex_examples.tex
(/home/lucas_galdino/Desktop/TCC/planning/problem_definition/tex_examples.tex
LaTeX2e <2024-06-01> patch level 2
L3 programming layer <2024-09-10>
(/home/lucas_galdino/.tex_installation/texmf-dist/tex/latex/base/article.cls
Document Class: article 2024/02/08 v1.4n Standard LaTeX document class
(/home/lucas_galdino/.tex_installation/texmf-dist/tex/latex/base/size12.clo
File: size12.clo 2024/02/08 v1.4n Standard LaTeX file (size option)
)
\c@part=\count194
\c@section=\count195
\c@subsection=\count196
\c@subsubsection=\count197
\c@paragraph=\count198
\c@subparagraph=\count199
\c@figure=\count266
\c@table=\count267
\abovecaptionskip=\skip49
\belowcaptionskip=\skip50
\bibindent=\dimen141
) (/home/lucas_galdino/.tex_installation/texmf-dist/tex/latex/amsmath/amsmath.sty
Package: amsmath 2024/05/23 v2.17q AMS math features
\@mathmargin=\skip51

For additional information on amsmath, use the `?' option.
(/home/lucas_galdino/.tex_installation/texmf-dist/tex/latex/amsmath/amstext.sty
Package: amstext 2021/08/26 v2.01 AMS text
 (/home/lucas_galdino/.tex_installation/texmf-dist/tex/latex/amsmath/amsgen.sty
File: amsgen.sty 1999/11/30 v2.0 generic functions
\@emptytoks=\toks17
\ex@=\dimen142
)) (/home/lucas_galdino/.tex_installation/texmf-dist/tex/latex/amsmath/amsbsy.sty
Package: amsbsy 1999/11/29 v1.2d Bold Symbols
\pmbraise@=\dimen143
) (/home/lucas_galdino/.tex_installation/texmf-dist/tex/latex/amsmath/amsopn.sty
Package: amsopn 2022/04/08 v2.04 operator names
)
\inf@bad=\count268
LaTeX Info: Redefining \frac on input line 233.
\uproot@=\count269
\leftroot@=\count270
LaTeX Info: Redefining \overline on input line 398.
LaTeX Info: Redefining \colon on input line 409.
\classnum@=\count271
\DOTSCASE@=\count272
LaTeX Info: Redefining \ldots on input line 495.
LaTeX Info: Redefining \dots on input line 498.
LaTeX Info: Redefining \cdots on input line 619.
\Mathstrutbox@=\box52
\strutbox@=\box53
LaTeX Info: Redefining \big on input line 721.
LaTeX Info: Redefining \Big on input line 722.
LaTeX Info: Redefining \bigg on input line 723.
LaTeX Info: Redefining \Bigg on input line 724.
\big@size=\dimen144
LaTeX Font Info:    Redeclaring font encoding OML on input line 742.
LaTeX Font Info:    Redeclaring font encoding OMS on input line 743.
\macc@depth=\count273
LaTeX Info: Redefining \bmod on input line 904.
LaTeX Info: Redefining \pmod on input line 909.
LaTeX Info: Redefining \smash on input line 939.
LaTeX Info: Redefining \relbar on input line 969.
LaTeX Info: Redefining \Relbar on input line 970.
\c@MaxMatrixCols=\count274
\dotsspace@=\muskip17
\c@parentequation=\count275
\dspbrk@lvl=\count276
\tag@help=\toks18
\row@=\count277
\column@=\count278
\maxfields@=\count279
\andhelp@=\toks19
\eqnshift@=\dimen145
\alignsep@=\dimen146
\tagshift@=\dimen147
\tagwidth@=\dimen148
\totwidth@=\dimen149
\lineht@=\dimen150
\@envbody=\toks20
\multlinegap=\skip52
\multlinetaggap=\skip53
\mathdisplay@stack=\toks21
LaTeX Info: Redefining \[ on input line 2953.
LaTeX Info: Redefining \] on input line 2954.
) (/home/lucas_galdino/.tex_installation/texmf-dist/tex/latex/esint/esint.sty
Package: esint 
\symlargesymbolsA=\mathgroup4
) (/home/lucas_galdino/.tex_installation/texmf-dist/tex/latex/derivative/derivative.sty (/home/lucas_galdino/.tex_installation/texmf-dist/tex/latex/l3kernel/expl3.sty
Package: expl3 2024-09-10 L3 programming layer (loader) 
 (/home/lucas_galdino/.tex_installation/texmf-dist/tex/latex/l3backend/l3backend-pdftex.def
File: l3backend-pdftex.def 2024-05-08 L3 backend support: PDF output (pdfTeX)
\l__color_backend_stack_int=\count280
\l__pdf_internal_box=\box54
)) (/home/lucas_galdino/.tex_installation/texmf-dist/tex/latex/l3packages/l3keys2e/l3keys2e.sty
Package: l3keys2e 2024-08-16 LaTeX2e option processing using LaTeX3 keys
)
Package: derivative 2024/02/08 v1.4 Nice and easy derivatives and differentials for LaTeX
\l__deriv_gcd_counter_int=\count281
\l__deriv_vmo_int=\count282
\l__deriv_var_count_int=\count283
\l__deriv_tmpa_int=\count284
\l__deriv_tmpb_int=\count285
\l__deriv_seq_pos_int=\count286
\l__deriv_sort_max_int=\count287
) (./tex_examples.aux)
\openout1 = `tex_examples.aux'.

LaTeX Font Info:    Checking defaults for OML/cmm/m/it on input line 31.
LaTeX Font Info:    ... okay on input line 31.
LaTeX Font Info:    Checking defaults for OMS/cmsy/m/n on input line 31.
LaTeX Font Info:    ... okay on input line 31.
LaTeX Font Info:    Checking defaults for OT1/cmr/m/n on input line 31.
LaTeX Font Info:    ... okay on input line 31.
LaTeX Font Info:    Checking defaults for T1/cmr/m/n on input line 31.
LaTeX Font Info:    ... okay on input line 31.
LaTeX Font Info:    Checking defaults for TS1/cmr/m/n on input line 31.
LaTeX Font Info:    ... okay on input line 31.
LaTeX Font Info:    Checking defaults for OMX/cmex/m/n on input line 31.
LaTeX Font Info:    ... okay on input line 31.
LaTeX Font Info:    Checking defaults for U/cmr/m/n on input line 31.
LaTeX Font Info:    ... okay on input line 31.
LaTeX Font Info:    Trying to load font information for U+esint on input line 41.
 (/home/lucas_galdino/.tex_installation/texmf-dist/tex/latex/esint/uesint.fd
File: uesint.fd 
)
Overfull \hbox (60.77522pt too wide) in paragraph at lines 78--78
[]    \OT1/cmtt/m/n/12 \def\square#1{#1^2} % Defines a macro square which squares its input.[] 
 []


Overfull \hbox (462.15042pt too wide) in paragraph at lines 78--78
[]    \OT1/cmtt/m/n/12 When compared with \newcommand, note that \def is more primitive and doesn't check if a command already exists|overwriting it blindly.[] 
 []


Overfull \hbox (73.12523pt too wide) in paragraph at lines 78--78
[]    \OT1/cmtt/m/n/12 A safer alternative to defining new macros than using plain TeX's \def.[] 
 []



[1

{/home/lucas_galdino/.tex_installation/texmf-var/fonts/map/pdftex/updmap/pdftex.map}]
Overfull \hbox (196.62529pt too wide) in paragraph at lines 78--78
[]    \OT1/cmtt/m/n/12 Used if you need to redefine an existing macro that was previously defined by someone else.[] 
 []


Overfull \hbox (110.17525pt too wide) in paragraph at lines 78--78
[]    \OT1/cmtt/m/n/12 Used for advanced TeX programming where controlling expansion timing matters.[] 
 []


Overfull \hbox (66.95023pt too wide) in paragraph at lines 78--78
[]    \OT1/cmtt/m/n/12 Example use case: Changing expansion order of macros before execution.[] 
 []


Overfull \hbox (369.52538pt too wide) in paragraph at lines 78--78
[]    \OT1/cmtt/m/n/12 Useful when you want programmatic access to macros whose names are not known beforehand but built from other variables.[] 
 []


Overfull \hbox (153.40027pt too wide) in paragraph at lines 78--78
[]    \OT1/cmtt/m/n/12 `\if ... \fi Constructs These conditionals allow basic logic within LaTeX documents.[] 
 []


Overfull \hbox (246.02531pt too wide) in paragraph at lines 78--78
[]    \OT1/cmtt/m/n/12 **\relax A no-op (does nothing). Often used as a placeholder or delimiter marker in complex macros.[] 
 []


Overfull \hbox (468.32542pt too wide) in paragraph at lines 78--78
[]    \OT1/cmtt/m/n/12 Environment Handling (begin{} & end{}) Essential for creating structured blocks like equations (equation*) or itemized lists (itemize).[] 
 []



[2]

[3]
Underfull \hbox (badness 10000) in paragraph at lines 160--161

 []


Underfull \hbox (badness 10000) in paragraph at lines 160--161

 []



[4] (./tex_examples.bbl)

[5] (./tex_examples.aux)
 ***********
LaTeX2e <2024-06-01> patch level 2
L3 programming layer <2024-09-10>
 ***********
 ) 
Here is how much of TeX's memory you used:
 3676 strings out of 473579
 102936 string characters out of 5721192
 489998 words of memory out of 5000000
 26601 multiletter control sequences out of 15000+600000
 564687 words of font info for 63 fonts, out of 8000000 for 9000
 1141 hyphenation exceptions out of 8191
 64i,7n,79p,392b,277s stack positions out of 10000i,1000n,20000p,200000b,200000s
</home/lucas_galdino/.tex_installation/texmf-dist/fonts/type1/public/amsfonts/cm/cmbx12.pfb></home/lucas_galdino/.tex_installation/texmf-dist/fonts/type1/public/amsfonts/cm/cmex10.pfb></home/lucas_galdino/.tex_installation/texmf-dist/fonts/type1/public/amsfonts/cm/cmmi12.pfb></home/lucas_galdino/.tex_installation/texmf-dist/fonts/type1/public/amsfonts/cm/cmmi6.pfb></home/lucas_galdino/.tex_installation/texmf-dist/fonts/type1/public/amsfonts/cm/cmmi8.pfb></home/lucas_galdino/.tex_installation/texmf-dist/fonts/type1/public/amsfonts/cm/cmr12.pfb></home/lucas_galdino/.tex_installation/texmf-dist/fonts/type1/public/amsfonts/cm/cmr8.pfb></home/lucas_galdino/.tex_installation/texmf-dist/fonts/type1/public/amsfonts/cm/cmsy10.pfb></home/lucas_galdino/.tex_installation/texmf-dist/fonts/type1/public/amsfonts/cm/cmsy8.pfb></home/lucas_galdino/.tex_installation/texmf-dist/fonts/type1/public/amsfonts/cm/cmti12.pfb></home/lucas_galdino/.tex_installation/texmf-dist/fonts/type1/public/amsfonts/cm/cmtt12.pfb></home/lucas_galdino/.tex_installation/texmf-dist/fonts/type1/public/esint-type1/esint10.pfb>
Output written on tex_examples.pdf (5 pages, 139672 bytes).
PDF statistics:
 80 PDF objects out of 1000 (max. 8388607)
 48 compressed objects within 1 object stream
 0 named destinations out of 1000 (max. 500000)
 1 words of extra memory for PDF output out of 10000 (max. 10000000)

