nohup: ignoring input
2025-11-19 09:42:24,109 - INFO - ================================================================================
2025-11-19 09:42:24,109 - INFO - CHAPTER 4 VALIDATION: ISO-ALGORITHMIC GA BENCHMARK
2025-11-19 09:42:24,109 - INFO - ================================================================================
2025-11-19 09:42:24,109 - INFO - Configuration:
2025-11-19 09:42:24,109 - INFO -   Skip CPU: True
2025-11-19 09:42:24,109 - INFO -   Repetitions: 30
2025-11-19 09:42:24,110 - INFO -   Instances: ['kroA100']
2025-11-19 09:42:24,110 - INFO - 
2025-11-19 09:42:24,110 - INFO - 
================================================================================
2025-11-19 09:42:24,110 - INFO - BENCHMARK 1: kroA100
2025-11-19 09:42:24,110 - INFO - ================================================================================
2025-11-19 09:42:24,615 - INFO - Problem: kroA100
2025-11-19 09:42:24,616 - INFO - Dimension: 100 cities
2025-11-19 09:42:24,616 - INFO - Optimal: 21282
2025-11-19 09:42:24,616 - INFO - Generations: 2000
2025-11-19 09:42:24,616 - INFO - Repetitions: 30
2025-11-19 09:42:24,616 - INFO - 
2025-11-19 09:42:24,617 - INFO - GeneticAlgorithmHybridNaive initialized: pop_size=256, mutation_rate=0.02, tournament_k=5, 2opt_iters=10
2025-11-19 09:42:24,618 - INFO - Loaded two_opt_kernel for naive hybrid
2025-11-19 09:42:24,618 - INFO - Running HybridNaive for 30 repetitions...
2025-11-19 09:42:24,716 - INFO - Initializing population of size 256
2025-11-19 09:42:24,741 - INFO - Initial best cost: 146643.00 (avg: 171479.21)
2025-11-19 09:42:28,202 - INFO - Optimal solution reached at generation 11 (cost=21282.00)
2025-11-19 09:42:28,202 - INFO - GeneticAlgorithmHybridNaive evolution complete: best=21282.00, improvement=85.49%, H2D=2.01MB, D2H=1.13MB, kernels=28160
2025-11-19 09:42:28,202 - INFO - Initializing population of size 256
2025-11-19 09:42:28,221 - INFO - Initial best cost: 147771.00 (avg: 170518.70)
2025-11-19 09:42:31,581 - INFO - Optimal solution reached at generation 12 (cost=21282.00)
2025-11-19 09:42:31,582 - INFO - GeneticAlgorithmHybridNaive evolution complete: best=21282.00, improvement=85.60%, H2D=2.19MB, D2H=1.23MB, kernels=30720
2025-11-19 09:42:31,582 - INFO - Initializing population of size 256
2025-11-19 09:42:31,614 - INFO - Initial best cost: 145167.00 (avg: 171196.75)
2025-11-19 09:42:35,812 - INFO - Optimal solution reached at generation 14 (cost=21282.00)
2025-11-19 09:42:35,812 - INFO - GeneticAlgorithmHybridNaive evolution complete: best=21282.00, improvement=85.34%, H2D=2.55MB, D2H=1.43MB, kernels=35840
2025-11-19 09:42:35,813 - INFO - Initializing population of size 256
2025-11-19 09:42:35,838 - INFO - Initial best cost: 152634.00 (avg: 171945.86)
2025-11-19 09:42:39,435 - INFO - Optimal solution reached at generation 13 (cost=21282.00)
2025-11-19 09:42:39,436 - INFO - GeneticAlgorithmHybridNaive evolution complete: best=21282.00, improvement=86.06%, H2D=2.37MB, D2H=1.33MB, kernels=33280
2025-11-19 09:42:39,436 - INFO - Initializing population of size 256
2025-11-19 09:42:39,455 - INFO - Initial best cost: 147027.00 (avg: 171593.58)
2025-11-19 09:42:40,497 - INFO - Generation 1700/2000: best=21282.00, avg=21282.00
2025-11-19 09:42:43,154 - INFO - Optimal solution reached at generation 13 (cost=21282.00)
2025-11-19 09:42:43,154 - INFO - GeneticAlgorithmHybridNaive evolution complete: best=21282.00, improvement=85.53%, H2D=2.37MB, D2H=1.33MB, kernels=33280
2025-11-19 09:42:43,154 - INFO -   Rep 5/30: cost=21282.00, gap=0.00%, time=3.72s
2025-11-19 09:42:43,155 - INFO - Initializing population of size 256
2025-11-19 09:42:43,175 - INFO - Initial best cost: 151074.00 (avg: 171426.24)
2025-11-19 09:42:46,817 - INFO - Optimal solution reached at generation 13 (cost=21282.00)
2025-11-19 09:42:46,817 - INFO - GeneticAlgorithmHybridNaive evolution complete: best=21282.00, improvement=85.91%, H2D=2.37MB, D2H=1.33MB, kernels=33280
2025-11-19 09:42:46,817 - INFO - Initializing population of size 256
2025-11-19 09:42:46,834 - INFO - Initial best cost: 150772.00 (avg: 171133.86)
2025-11-19 09:42:50,268 - INFO - Optimal solution reached at generation 12 (cost=21282.00)
2025-11-19 09:42:50,269 - INFO - GeneticAlgorithmHybridNaive evolution complete: best=21282.00, improvement=85.88%, H2D=2.19MB, D2H=1.23MB, kernels=30720
2025-11-19 09:42:50,269 - INFO - Initializing population of size 256
2025-11-19 09:42:50,290 - INFO - Initial best cost: 145415.00 (avg: 170721.96)
2025-11-19 09:42:54,195 - INFO - Optimal solution reached at generation 13 (cost=21282.00)
2025-11-19 09:42:54,195 - INFO - GeneticAlgorithmHybridNaive evolution complete: best=21282.00, improvement=85.36%, H2D=2.37MB, D2H=1.33MB, kernels=33280
2025-11-19 09:42:54,196 - INFO - Initializing population of size 256
2025-11-19 09:42:54,219 - INFO - Initial best cost: 149444.00 (avg: 171043.66)
2025-11-19 09:42:57,916 - INFO - Optimal solution reached at generation 13 (cost=21282.00)
2025-11-19 09:42:57,917 - INFO - GeneticAlgorithmHybridNaive evolution complete: best=21282.00, improvement=85.76%, H2D=2.37MB, D2H=1.33MB, kernels=33280
2025-11-19 09:42:57,917 - INFO - Initializing population of size 256
2025-11-19 09:42:57,936 - INFO - Initial best cost: 151999.00 (avg: 170607.88)
2025-11-19 09:43:02,188 - INFO - Optimal solution reached at generation 14 (cost=21282.00)
2025-11-19 09:43:02,188 - INFO - GeneticAlgorithmHybridNaive evolution complete: best=21282.00, improvement=86.00%, H2D=2.55MB, D2H=1.43MB, kernels=35840
2025-11-19 09:43:02,189 - INFO -   Rep 10/30: cost=21282.00, gap=0.00%, time=4.27s
2025-11-19 09:43:02,190 - INFO - Initializing population of size 256
2025-11-19 09:43:02,232 - INFO - Initial best cost: 148233.00 (avg: 171691.52)
2025-11-19 09:43:07,221 - INFO - Optimal solution reached at generation 14 (cost=21282.00)
2025-11-19 09:43:07,221 - INFO - GeneticAlgorithmHybridNaive evolution complete: best=21282.00, improvement=85.64%, H2D=2.55MB, D2H=1.43MB, kernels=35840
2025-11-19 09:43:07,222 - INFO - Initializing population of size 256
2025-11-19 09:43:07,255 - INFO - Initial best cost: 143674.00 (avg: 170908.88)
2025-11-19 09:43:10,499 - INFO - Generation 1800/2000: best=21282.00, avg=21282.00
2025-11-19 09:43:11,048 - INFO - Optimal solution reached at generation 12 (cost=21282.00)
2025-11-19 09:43:11,049 - INFO - GeneticAlgorithmHybridNaive evolution complete: best=21282.00, improvement=85.19%, H2D=2.19MB, D2H=1.23MB, kernels=30720
2025-11-19 09:43:11,049 - INFO - Initializing population of size 256
2025-11-19 09:43:11,073 - INFO - Initial best cost: 145039.00 (avg: 171337.65)
2025-11-19 09:43:14,993 - INFO - Optimal solution reached at generation 13 (cost=21282.00)
2025-11-19 09:43:14,993 - INFO - GeneticAlgorithmHybridNaive evolution complete: best=21282.00, improvement=85.33%, H2D=2.37MB, D2H=1.33MB, kernels=33280
2025-11-19 09:43:14,993 - INFO - Initializing population of size 256
2025-11-19 09:43:15,014 - INFO - Initial best cost: 142975.00 (avg: 172016.57)
2025-11-19 09:43:18,352 - INFO - Optimal solution reached at generation 12 (cost=21282.00)
2025-11-19 09:43:18,353 - INFO - GeneticAlgorithmHybridNaive evolution complete: best=21282.00, improvement=85.11%, H2D=2.19MB, D2H=1.23MB, kernels=30720
2025-11-19 09:43:18,353 - INFO - Initializing population of size 256
2025-11-19 09:43:18,377 - INFO - Initial best cost: 144471.00 (avg: 171442.43)
2025-11-19 09:43:22,072 - INFO - Optimal solution reached at generation 14 (cost=21282.00)
2025-11-19 09:43:22,073 - INFO - GeneticAlgorithmHybridNaive evolution complete: best=21282.00, improvement=85.27%, H2D=2.55MB, D2H=1.43MB, kernels=35840
2025-11-19 09:43:22,073 - INFO -   Rep 15/30: cost=21282.00, gap=0.00%, time=3.72s
2025-11-19 09:43:22,073 - INFO - Initializing population of size 256
2025-11-19 09:43:22,112 - INFO - Initial best cost: 147764.00 (avg: 171490.05)
2025-11-19 09:43:25,962 - INFO - Optimal solution reached at generation 13 (cost=21282.00)
2025-11-19 09:43:25,962 - INFO - GeneticAlgorithmHybridNaive evolution complete: best=21282.00, improvement=85.60%, H2D=2.37MB, D2H=1.33MB, kernels=33280
2025-11-19 09:43:25,962 - INFO - Initializing population of size 256
2025-11-19 09:43:26,032 - INFO - Initial best cost: 148477.00 (avg: 171244.68)
2025-11-19 09:43:30,151 - INFO - Optimal solution reached at generation 13 (cost=21282.00)
2025-11-19 09:43:30,151 - INFO - GeneticAlgorithmHybridNaive evolution complete: best=21282.00, improvement=85.67%, H2D=2.37MB, D2H=1.33MB, kernels=33280
2025-11-19 09:43:30,153 - INFO - Initializing population of size 256
2025-11-19 09:43:30,178 - INFO - Initial best cost: 144589.00 (avg: 171193.39)
2025-11-19 09:43:34,617 - INFO - Optimal solution reached at generation 14 (cost=21282.00)
2025-11-19 09:43:34,617 - INFO - GeneticAlgorithmHybridNaive evolution complete: best=21282.00, improvement=85.28%, H2D=2.55MB, D2H=1.43MB, kernels=35840
2025-11-19 09:43:34,617 - INFO - Initializing population of size 256
2025-11-19 09:43:34,640 - INFO - Initial best cost: 145150.00 (avg: 170844.57)
2025-11-19 09:43:38,335 - INFO - Optimal solution reached at generation 12 (cost=21282.00)
2025-11-19 09:43:38,335 - INFO - GeneticAlgorithmHybridNaive evolution complete: best=21282.00, improvement=85.34%, H2D=2.19MB, D2H=1.23MB, kernels=30720
2025-11-19 09:43:38,335 - INFO - Initializing population of size 256
2025-11-19 09:43:38,368 - INFO - Initial best cost: 147987.00 (avg: 170779.06)
2025-11-19 09:43:40,010 - INFO - Generation 1900/2000: best=21282.00, avg=21282.00
2025-11-19 09:43:41,777 - INFO - Optimal solution reached at generation 12 (cost=21282.00)
2025-11-19 09:43:41,777 - INFO - GeneticAlgorithmHybridNaive evolution complete: best=21282.00, improvement=85.62%, H2D=2.19MB, D2H=1.23MB, kernels=30720
2025-11-19 09:43:41,777 - INFO -   Rep 20/30: cost=21282.00, gap=0.00%, time=3.44s
2025-11-19 09:43:41,777 - INFO - Initializing population of size 256
2025-11-19 09:43:41,797 - INFO - Initial best cost: 145300.00 (avg: 170483.59)
2025-11-19 09:43:45,138 - INFO - Optimal solution reached at generation 12 (cost=21282.00)
2025-11-19 09:43:45,139 - INFO - GeneticAlgorithmHybridNaive evolution complete: best=21282.00, improvement=85.35%, H2D=2.19MB, D2H=1.23MB, kernels=30720
2025-11-19 09:43:45,139 - INFO - Initializing population of size 256
2025-11-19 09:43:45,174 - INFO - Initial best cost: 145781.00 (avg: 170631.91)
2025-11-19 09:43:49,484 - INFO - Optimal solution reached at generation 14 (cost=21282.00)
2025-11-19 09:43:49,484 - INFO - GeneticAlgorithmHybridNaive evolution complete: best=21282.00, improvement=85.40%, H2D=2.55MB, D2H=1.43MB, kernels=35840
2025-11-19 09:43:49,484 - INFO - Initializing population of size 256
2025-11-19 09:43:49,522 - INFO - Initial best cost: 148348.00 (avg: 171036.46)
2025-11-19 09:43:53,027 - INFO - Optimal solution reached at generation 12 (cost=21282.00)
2025-11-19 09:43:53,027 - INFO - GeneticAlgorithmHybridNaive evolution complete: best=21282.00, improvement=85.65%, H2D=2.19MB, D2H=1.23MB, kernels=30720
2025-11-19 09:43:53,027 - INFO - Initializing population of size 256
2025-11-19 09:43:53,048 - INFO - Initial best cost: 152251.00 (avg: 171405.96)
2025-11-19 09:43:56,912 - INFO - Optimal solution reached at generation 13 (cost=21282.00)
2025-11-19 09:43:56,913 - INFO - GeneticAlgorithmHybridNaive evolution complete: best=21282.00, improvement=86.02%, H2D=2.37MB, D2H=1.33MB, kernels=33280
2025-11-19 09:43:56,913 - INFO - Initializing population of size 256
2025-11-19 09:43:56,936 - INFO - Initial best cost: 147141.00 (avg: 170399.31)
2025-11-19 09:44:00,292 - INFO - Optimal solution reached at generation 12 (cost=21282.00)
2025-11-19 09:44:00,293 - INFO - GeneticAlgorithmHybridNaive evolution complete: best=21282.00, improvement=85.54%, H2D=2.19MB, D2H=1.23MB, kernels=30720
2025-11-19 09:44:00,293 - INFO -   Rep 25/30: cost=21282.00, gap=0.00%, time=3.38s
2025-11-19 09:44:00,293 - INFO - Initializing population of size 256
2025-11-19 09:44:00,311 - INFO - Initial best cost: 150591.00 (avg: 170891.07)
2025-11-19 09:44:04,059 - INFO - Optimal solution reached at generation 13 (cost=21282.00)
2025-11-19 09:44:04,060 - INFO - GeneticAlgorithmHybridNaive evolution complete: best=21282.00, improvement=85.87%, H2D=2.37MB, D2H=1.33MB, kernels=33280
2025-11-19 09:44:04,060 - INFO - Initializing population of size 256
2025-11-19 09:44:04,078 - INFO - Initial best cost: 151032.00 (avg: 169846.64)
2025-11-19 09:44:07,637 - INFO - Optimal solution reached at generation 12 (cost=21282.00)
2025-11-19 09:44:07,637 - INFO - GeneticAlgorithmHybridNaive evolution complete: best=21282.00, improvement=85.91%, H2D=2.19MB, D2H=1.23MB, kernels=30720
2025-11-19 09:44:07,637 - INFO - Initializing population of size 256
2025-11-19 09:44:07,657 - INFO - Initial best cost: 145498.00 (avg: 171161.51)
2025-11-19 09:44:08,601 - INFO - Generation 2000/2000: best=21282.00, avg=21282.00
2025-11-19 09:44:08,601 - INFO - GeneticAlgorithmHybridNaive evolution complete: best=21282.00, improvement=86.02%, H2D=364.80MB, D2H=204.80MB, kernels=5120000
2025-11-19 09:44:08,601 - INFO - Initializing population of size 256
2025-11-19 09:44:08,633 - INFO - Initial best cost: 147810.00 (avg: 171410.30)
2025-11-19 09:44:10,747 - INFO - Optimal solution reached at generation 11 (cost=21282.00)
2025-11-19 09:44:10,747 - INFO - GeneticAlgorithmHybridNaive evolution complete: best=21282.00, improvement=85.37%, H2D=2.01MB, D2H=1.13MB, kernels=28160
2025-11-19 09:44:10,747 - INFO - Initializing population of size 256
2025-11-19 09:44:10,776 - INFO - Initial best cost: 149819.00 (avg: 170988.02)
2025-11-19 09:44:13,987 - INFO - Optimal solution reached at generation 11 (cost=21282.00)
2025-11-19 09:44:13,987 - INFO - GeneticAlgorithmHybridNaive evolution complete: best=21282.00, improvement=85.79%, H2D=2.01MB, D2H=1.13MB, kernels=28160
2025-11-19 09:44:13,987 - INFO - Initializing population of size 256
2025-11-19 09:44:14,006 - INFO - Initial best cost: 149664.00 (avg: 171855.33)
2025-11-19 09:44:17,350 - INFO - Optimal solution reached at generation 12 (cost=21282.00)
2025-11-19 09:44:17,350 - INFO - GeneticAlgorithmHybridNaive evolution complete: best=21282.00, improvement=85.78%, H2D=2.19MB, D2H=1.23MB, kernels=30720
2025-11-19 09:44:17,350 - INFO -   Rep 30/30: cost=21282.00, gap=0.00%, time=3.36s
2025-11-19 09:44:17,359 - INFO - HybridNaive completed: mean_cost=21282.00±0.00, mean_gap=0.00%, mean_time=3.75s
2025-11-19 09:44:17,395 - INFO - GeneticAlgorithmHybridOptimized initialized: pop_size=256, mutation_rate=0.02, tournament_k=5, 2opt_iters=10
2025-11-19 09:44:17,396 - INFO - Loaded batch kernels: two_opt_batch, cost_calculator
2025-11-19 09:44:17,396 - INFO - Running HybridOptimized for 30 repetitions...
2025-11-19 09:44:17,396 - INFO - Initializing population of size 256
2025-11-19 09:44:17,415 - INFO - Initial best cost: 146643.00 (avg: 171479.21)
2025-11-19 09:44:18,020 - INFO - Optimal solution reached at generation 15 (cost=21282.00)
2025-11-19 09:44:18,020 - INFO - GeneticAlgorithmHybridOptimized evolution complete: best=21282.00, improvement=85.49%, H2D=1.62MB, D2H=1.57MB, kernels=165
2025-11-19 09:44:18,020 - INFO - Initializing population of size 256
2025-11-19 09:44:18,040 - INFO - Initial best cost: 148542.00 (avg: 171167.46)
2025-11-19 09:44:18,509 - INFO - Optimal solution reached at generation 12 (cost=21282.00)
2025-11-19 09:44:18,509 - INFO - GeneticAlgorithmHybridOptimized evolution complete: best=21282.00, improvement=85.67%, H2D=1.23MB, D2H=1.25MB, kernels=132
2025-11-19 09:44:18,510 - INFO - Initializing population of size 256
2025-11-19 09:44:18,538 - INFO - Initial best cost: 148795.00 (avg: 171999.74)
2025-11-19 09:44:19,086 - INFO - Optimal solution reached at generation 13 (cost=21282.00)
2025-11-19 09:44:19,086 - INFO - GeneticAlgorithmHybridOptimized evolution complete: best=21282.00, improvement=85.70%, H2D=1.33MB, D2H=1.36MB, kernels=143
2025-11-19 09:44:19,086 - INFO - Initializing population of size 256
2025-11-19 09:44:19,111 - INFO - Initial best cost: 147294.00 (avg: 170850.34)
2025-11-19 09:44:19,718 - INFO - Optimal solution reached at generation 14 (cost=21282.00)
2025-11-19 09:44:19,718 - INFO - GeneticAlgorithmHybridOptimized evolution complete: best=21282.00, improvement=85.55%, H2D=1.43MB, D2H=1.46MB, kernels=154
2025-11-19 09:44:19,718 - INFO - Initializing population of size 256
2025-11-19 09:44:19,755 - INFO - Initial best cost: 152356.00 (avg: 171543.02)
2025-11-19 09:44:20,269 - INFO - Optimal solution reached at generation 12 (cost=21282.00)
2025-11-19 09:44:20,269 - INFO - GeneticAlgorithmHybridOptimized evolution complete: best=21282.00, improvement=86.03%, H2D=1.23MB, D2H=1.25MB, kernels=132
2025-11-19 09:44:20,269 - INFO -   Rep 5/30: cost=21282.00, gap=0.00%, time=0.55s
2025-11-19 09:44:20,269 - INFO - Initializing population of size 256
2025-11-19 09:44:20,286 - INFO - Initial best cost: 151803.00 (avg: 170653.27)
2025-11-19 09:44:20,750 - INFO - Optimal solution reached at generation 12 (cost=21282.00)
2025-11-19 09:44:20,750 - INFO - GeneticAlgorithmHybridOptimized evolution complete: best=21282.00, improvement=85.98%, H2D=1.23MB, D2H=1.25MB, kernels=132
2025-11-19 09:44:20,750 - INFO - Initializing population of size 256
2025-11-19 09:44:20,767 - INFO - Initial best cost: 147459.00 (avg: 170896.97)
2025-11-19 09:44:21,394 - INFO - Optimal solution reached at generation 15 (cost=21282.00)
2025-11-19 09:44:21,394 - INFO - GeneticAlgorithmHybridOptimized evolution complete: best=21282.00, improvement=85.57%, H2D=1.54MB, D2H=1.57MB, kernels=165
2025-11-19 09:44:21,395 - INFO - Initializing population of size 256
2025-11-19 09:44:21,415 - INFO - Initial best cost: 152261.00 (avg: 170585.62)
2025-11-19 09:44:22,417 - INFO - Optimal solution reached at generation 24 (cost=21282.00)
2025-11-19 09:44:22,417 - INFO - GeneticAlgorithmHybridOptimized evolution complete: best=21282.00, improvement=86.02%, H2D=2.46MB, D2H=2.51MB, kernels=264
2025-11-19 09:44:22,417 - INFO - Initializing population of size 256
2025-11-19 09:44:22,435 - INFO - Initial best cost: 153041.00 (avg: 171234.96)
2025-11-19 09:44:22,955 - INFO - Optimal solution reached at generation 12 (cost=21282.00)
2025-11-19 09:44:22,955 - INFO - GeneticAlgorithmHybridOptimized evolution complete: best=21282.00, improvement=86.09%, H2D=1.23MB, D2H=1.25MB, kernels=132
2025-11-19 09:44:22,955 - INFO - Initializing population of size 256
2025-11-19 09:44:22,979 - INFO - Initial best cost: 146894.00 (avg: 171552.00)
2025-11-19 09:44:23,716 - INFO - Optimal solution reached at generation 17 (cost=21282.00)
2025-11-19 09:44:23,716 - INFO - GeneticAlgorithmHybridOptimized evolution complete: best=21282.00, improvement=85.51%, H2D=1.74MB, D2H=1.78MB, kernels=187
2025-11-19 09:44:23,716 - INFO -   Rep 10/30: cost=21282.00, gap=0.00%, time=0.76s
2025-11-19 09:44:23,716 - INFO - Initializing population of size 256
2025-11-19 09:44:23,736 - INFO - Initial best cost: 150606.00 (avg: 171368.91)
2025-11-19 09:44:24,272 - INFO - Optimal solution reached at generation 13 (cost=21282.00)
2025-11-19 09:44:24,273 - INFO - GeneticAlgorithmHybridOptimized evolution complete: best=21282.00, improvement=85.87%, H2D=1.33MB, D2H=1.36MB, kernels=143
2025-11-19 09:44:24,273 - INFO - Initializing population of size 256
2025-11-19 09:44:24,312 - INFO - Initial best cost: 146856.00 (avg: 171703.29)
2025-11-19 09:44:24,874 - INFO - Optimal solution reached at generation 12 (cost=21282.00)
2025-11-19 09:44:24,874 - INFO - GeneticAlgorithmHybridOptimized evolution complete: best=21282.00, improvement=85.51%, H2D=1.23MB, D2H=1.25MB, kernels=132
2025-11-19 09:44:24,874 - INFO - Initializing population of size 256
2025-11-19 09:44:24,893 - INFO - Initial best cost: 146664.00 (avg: 171275.34)
2025-11-19 09:44:25,382 - INFO - Optimal solution reached at generation 13 (cost=21282.00)
2025-11-19 09:44:25,382 - INFO - GeneticAlgorithmHybridOptimized evolution complete: best=21282.00, improvement=85.49%, H2D=1.33MB, D2H=1.36MB, kernels=143
2025-11-19 09:44:25,382 - INFO - Initializing population of size 256
2025-11-19 09:44:25,402 - INFO - Initial best cost: 149310.00 (avg: 171290.71)
2025-11-19 09:44:25,903 - INFO - Optimal solution reached at generation 13 (cost=21282.00)
2025-11-19 09:44:25,903 - INFO - GeneticAlgorithmHybridOptimized evolution complete: best=21282.00, improvement=85.75%, H2D=1.33MB, D2H=1.36MB, kernels=143
2025-11-19 09:44:25,903 - INFO - Initializing population of size 256
2025-11-19 09:44:25,921 - INFO - Initial best cost: 145248.00 (avg: 169679.64)
2025-11-19 09:44:26,521 - INFO - Optimal solution reached at generation 14 (cost=21282.00)
2025-11-19 09:44:26,521 - INFO - GeneticAlgorithmHybridOptimized evolution complete: best=21282.00, improvement=85.35%, H2D=1.43MB, D2H=1.46MB, kernels=154
2025-11-19 09:44:26,521 - INFO -   Rep 15/30: cost=21282.00, gap=0.00%, time=0.62s
2025-11-19 09:44:26,521 - INFO - Initializing population of size 256
2025-11-19 09:44:26,544 - INFO - Initial best cost: 145979.00 (avg: 170727.68)
2025-11-19 09:44:26,973 - INFO - Optimal solution reached at generation 11 (cost=21282.00)
2025-11-19 09:44:26,974 - INFO - GeneticAlgorithmHybridOptimized evolution complete: best=21282.00, improvement=85.42%, H2D=1.13MB, D2H=1.15MB, kernels=121
2025-11-19 09:44:26,975 - INFO - Initializing population of size 256
2025-11-19 09:44:26,994 - INFO - Initial best cost: 147171.00 (avg: 170638.83)
2025-11-19 09:44:27,389 - INFO - Optimal solution reached at generation 11 (cost=21282.00)
2025-11-19 09:44:27,389 - INFO - GeneticAlgorithmHybridOptimized evolution complete: best=21282.00, improvement=85.54%, H2D=1.13MB, D2H=1.15MB, kernels=121
2025-11-19 09:44:27,390 - INFO - Initializing population of size 256
2025-11-19 09:44:27,410 - INFO - Initial best cost: 146078.00 (avg: 171288.00)
2025-11-19 09:44:27,932 - INFO - Optimal solution reached at generation 13 (cost=21282.00)
2025-11-19 09:44:27,932 - INFO - GeneticAlgorithmHybridOptimized evolution complete: best=21282.00, improvement=85.43%, H2D=1.33MB, D2H=1.36MB, kernels=143
2025-11-19 09:44:27,933 - INFO - Initializing population of size 256
2025-11-19 09:44:27,953 - INFO - Initial best cost: 147965.00 (avg: 170799.27)
2025-11-19 09:44:28,579 - INFO - Optimal solution reached at generation 16 (cost=21282.00)
2025-11-19 09:44:28,580 - INFO - GeneticAlgorithmHybridOptimized evolution complete: best=21282.00, improvement=85.62%, H2D=1.64MB, D2H=1.67MB, kernels=176
2025-11-19 09:44:28,580 - INFO - Initializing population of size 256
2025-11-19 09:44:28,597 - INFO - Initial best cost: 147738.00 (avg: 170658.77)
2025-11-19 09:44:29,095 - INFO - Optimal solution reached at generation 13 (cost=21282.00)
2025-11-19 09:44:29,095 - INFO - GeneticAlgorithmHybridOptimized evolution complete: best=21282.00, improvement=85.59%, H2D=1.33MB, D2H=1.36MB, kernels=143
2025-11-19 09:44:29,095 - INFO -   Rep 20/30: cost=21282.00, gap=0.00%, time=0.52s
2025-11-19 09:44:29,095 - INFO - Initializing population of size 256
2025-11-19 09:44:29,113 - INFO - Initial best cost: 151934.00 (avg: 170843.54)
2025-11-19 09:44:30,144 - INFO - Optimal solution reached at generation 24 (cost=21282.00)
2025-11-19 09:44:30,144 - INFO - GeneticAlgorithmHybridOptimized evolution complete: best=21282.00, improvement=85.99%, H2D=2.46MB, D2H=2.51MB, kernels=264
2025-11-19 09:44:30,144 - INFO - Initializing population of size 256
2025-11-19 09:44:30,167 - INFO - Initial best cost: 150628.00 (avg: 170182.34)
2025-11-19 09:44:30,917 - INFO - Optimal solution reached at generation 18 (cost=21282.00)
2025-11-19 09:44:30,918 - INFO - GeneticAlgorithmHybridOptimized evolution complete: best=21282.00, improvement=85.87%, H2D=1.84MB, D2H=1.88MB, kernels=198
2025-11-19 09:44:30,918 - INFO - Initializing population of size 256
2025-11-19 09:44:30,942 - INFO - Initial best cost: 149739.00 (avg: 170225.11)
2025-11-19 09:44:31,461 - INFO - Optimal solution reached at generation 13 (cost=21282.00)
2025-11-19 09:44:31,461 - INFO - GeneticAlgorithmHybridOptimized evolution complete: best=21282.00, improvement=85.79%, H2D=1.33MB, D2H=1.36MB, kernels=143
2025-11-19 09:44:31,461 - INFO - Initializing population of size 256
2025-11-19 09:44:31,491 - INFO - Initial best cost: 147830.00 (avg: 171081.64)
2025-11-19 09:44:31,929 - INFO - Optimal solution reached at generation 11 (cost=21282.00)
2025-11-19 09:44:31,929 - INFO - GeneticAlgorithmHybridOptimized evolution complete: best=21282.00, improvement=85.60%, H2D=1.13MB, D2H=1.15MB, kernels=121
2025-11-19 09:44:31,930 - INFO - Initializing population of size 256
2025-11-19 09:44:31,949 - INFO - Initial best cost: 143256.00 (avg: 171748.30)
2025-11-19 09:44:32,530 - INFO - Optimal solution reached at generation 14 (cost=21282.00)
2025-11-19 09:44:32,530 - INFO - GeneticAlgorithmHybridOptimized evolution complete: best=21282.00, improvement=85.14%, H2D=1.43MB, D2H=1.46MB, kernels=154
2025-11-19 09:44:32,530 - INFO -   Rep 25/30: cost=21282.00, gap=0.00%, time=0.60s
2025-11-19 09:44:32,530 - INFO - Initializing population of size 256
2025-11-19 09:44:32,549 - INFO - Initial best cost: 146761.00 (avg: 171766.34)
2025-11-19 09:44:32,991 - INFO - Optimal solution reached at generation 12 (cost=21282.00)
2025-11-19 09:44:32,991 - INFO - GeneticAlgorithmHybridOptimized evolution complete: best=21282.00, improvement=85.50%, H2D=1.23MB, D2H=1.25MB, kernels=132
2025-11-19 09:44:32,992 - INFO - Initializing population of size 256
2025-11-19 09:44:33,016 - INFO - Initial best cost: 145686.00 (avg: 171705.79)
2025-11-19 09:44:33,253 - INFO - Generation 100/2000: best=21282.00, avg=21282.00
2025-11-19 09:44:33,494 - INFO - Optimal solution reached at generation 13 (cost=21282.00)
2025-11-19 09:44:33,494 - INFO - GeneticAlgorithmHybridOptimized evolution complete: best=21282.00, improvement=85.39%, H2D=1.33MB, D2H=1.36MB, kernels=143
2025-11-19 09:44:33,495 - INFO - Initializing population of size 256
2025-11-19 09:44:33,524 - INFO - Initial best cost: 148895.00 (avg: 171154.93)
2025-11-19 09:44:35,238 - INFO - Optimal solution reached at generation 39 (cost=21282.00)
2025-11-19 09:44:35,239 - INFO - GeneticAlgorithmHybridOptimized evolution complete: best=21282.00, improvement=85.71%, H2D=3.99MB, D2H=4.07MB, kernels=429
2025-11-19 09:44:35,239 - INFO - Initializing population of size 256
2025-11-19 09:44:35,278 - INFO - Initial best cost: 147211.00 (avg: 171489.35)
2025-11-19 09:44:35,906 - INFO - Optimal solution reached at generation 11 (cost=21282.00)
2025-11-19 09:44:35,906 - INFO - GeneticAlgorithmHybridOptimized evolution complete: best=21282.00, improvement=85.54%, H2D=1.13MB, D2H=1.15MB, kernels=121
2025-11-19 09:44:35,906 - INFO - Initializing population of size 256
2025-11-19 09:44:35,928 - INFO - Initial best cost: 143695.00 (avg: 171470.90)
2025-11-19 09:44:36,370 - INFO - Optimal solution reached at generation 11 (cost=21282.00)
2025-11-19 09:44:36,370 - INFO - GeneticAlgorithmHybridOptimized evolution complete: best=21282.00, improvement=85.19%, H2D=1.13MB, D2H=1.15MB, kernels=121
2025-11-19 09:44:36,370 - INFO -   Rep 30/30: cost=21282.00, gap=0.00%, time=0.46s
2025-11-19 09:44:36,371 - INFO - HybridOptimized completed: mean_cost=21282.00±0.00, mean_gap=0.00%, mean_time=0.63s
2025-11-19 09:44:36,413 - INFO - GeneticAlgorithmFullGPU initialized: pop_size=256, mutation_rate=0.02, tournament_k=5, 2opt_iters=10
2025-11-19 09:44:36,414 - INFO - Loaded Fujimoto GA kernel (init_rand, init_pop, ga_evolution)
2025-11-19 09:44:36,414 - INFO - Running FullGPU for 30 repetitions...
2025-11-19 09:44:36,443 - INFO - FullGPU: Launching Fujimoto kernel for 2000 generations
2025-11-19 09:45:40,393 - INFO - Generation 200/2000: best=21282.00, avg=21282.00
2025-11-19 09:45:43,231 - INFO - FullGPU evolution complete: best=21282.00, improvement=85.10%, H2D=0.08MB, D2H=0.00MB, kernels=3
2025-11-19 09:45:43,232 - INFO - FullGPU: Launching Fujimoto kernel for 2000 generations
2025-11-19 09:46:50,000 - INFO - FullGPU evolution complete: best=21282.00, improvement=85.48%, H2D=0.08MB, D2H=0.00MB, kernels=3
2025-11-19 09:46:50,001 - INFO - FullGPU: Launching Fujimoto kernel for 2000 generations
2025-11-19 09:46:52,553 - INFO - Generation 300/2000: best=21282.00, avg=21282.00
2025-11-19 09:47:56,861 - INFO - FullGPU evolution complete: best=21282.00, improvement=85.91%, H2D=0.08MB, D2H=0.00MB, kernels=3
2025-11-19 09:47:56,863 - INFO - FullGPU: Launching Fujimoto kernel for 2000 generations
2025-11-19 09:48:04,703 - INFO - Generation 400/2000: best=21282.00, avg=21282.00
2025-11-19 09:49:03,562 - INFO - FullGPU evolution complete: best=21282.00, improvement=86.03%, H2D=0.08MB, D2H=0.00MB, kernels=3
2025-11-19 09:49:03,563 - INFO - FullGPU: Launching Fujimoto kernel for 2000 generations
2025-11-19 09:49:16,937 - INFO - Generation 500/2000: best=21282.00, avg=21282.00
2025-11-19 09:50:10,307 - INFO - FullGPU evolution complete: best=21282.00, improvement=84.90%, H2D=0.08MB, D2H=0.00MB, kernels=3
2025-11-19 09:50:10,307 - INFO -   Rep 5/30: cost=21282.00, gap=0.00%, time=66.74s
2025-11-19 09:50:10,308 - INFO - FullGPU: Launching Fujimoto kernel for 2000 generations
2025-11-19 09:50:29,733 - INFO - Generation 600/2000: best=21282.00, avg=21282.00
2025-11-19 09:51:16,882 - INFO - FullGPU evolution complete: best=21292.00, improvement=84.89%, H2D=0.08MB, D2H=0.00MB, kernels=3
2025-11-19 09:51:16,883 - INFO - FullGPU: Launching Fujimoto kernel for 2000 generations
2025-11-19 09:51:43,257 - INFO - Generation 700/2000: best=21282.00, avg=21282.00
2025-11-19 09:52:23,433 - INFO - FullGPU evolution complete: best=21282.00, improvement=84.90%, H2D=0.08MB, D2H=0.00MB, kernels=3
2025-11-19 09:52:23,434 - INFO - FullGPU: Launching Fujimoto kernel for 2000 generations
2025-11-19 09:52:56,862 - INFO - Generation 800/2000: best=21282.00, avg=21282.00
2025-11-19 09:53:30,032 - INFO - FullGPU evolution complete: best=21282.00, improvement=84.90%, H2D=0.08MB, D2H=0.00MB, kernels=3
2025-11-19 09:53:30,034 - INFO - FullGPU: Launching Fujimoto kernel for 2000 generations
