This is pdfTeX, Version 3.141592653-2.6-1.40.26 (TeX Live 2024) (preloaded format=pdflatex 2024.10.8)  28 OCT 2024 17:14
entering extended mode
 restricted \write18 enabled.
 %&-line parsing enabled.
**abntex2cite.tex
(./abntex2cite.tex
LaTeX2e <2024-06-01> patch level 2
L3 programming layer <2024-09-10>
(/home/lucas_galdino/.tex_installation/texmf-dist/tex/latex/base/ltxdoc.cls
Document Class: ltxdoc 2024/02/08 v2.1j Standard LaTeX documentation class
*************************************
* Local config file ltxdoc.cfg used
*************************************
(/home/lucas_galdino/.tex_installation/texmf-dist/tex/latex/base/ltxdoc.cfg
File: ltxdoc.cfg 2022/06/14 v2.0d ltxdoc.cls configuration (LaTeX Project)
)
(/home/lucas_galdino/.tex_installation/texmf-dist/tex/latex/base/article.cls
Document Class: article 2024/02/08 v1.4n Standard LaTeX document class
(/home/lucas_galdino/.tex_installation/texmf-dist/tex/latex/base/size10.clo
File: size10.clo 2024/02/08 v1.4n Standard LaTeX file (size option)
)
\c@part=\count194
\c@section=\count195
\c@subsection=\count196
\c@subsubsection=\count197
\c@paragraph=\count198
\c@subparagraph=\count199
\c@figure=\count266
\c@table=\count267
\abovecaptionskip=\skip49
\belowcaptionskip=\skip50
\bibindent=\dimen141
)
(/home/lucas_galdino/.tex_installation/texmf-dist/tex/latex/base/doc.sty
Package: doc 2024/04/26 v3.0p Standard LaTeX documentation package V3 (FMi)
\c@StandardModuleDepth=\count268
\guard@level=\count269
\MacrocodeTopsep=\skip51
\MacroIndent=\dimen142
\macro@cnt=\count270
\MacroTopsep=\skip52
\IndexMin=\dimen143
\c@IndexColumns=\count271

(/home/lucas_galdino/.tex_installation/texmf-dist/tex/latex/tools/multicol.sty
Package: multicol 2024/05/23 v1.9h multicolumn formatting (FMi)
\c@tracingmulticols=\count272
\mult@box=\box52
\multicol@leftmargin=\dimen144
\c@unbalance=\count273
\c@collectmore=\count274
\doublecol@number=\count275
\multicoltolerance=\count276
\multicolpretolerance=\count277
\full@width=\dimen145
\page@free=\dimen146
\premulticols=\dimen147
\postmulticols=\dimen148
\multicolsep=\skip53
\multicolbaselineskip=\skip54
\partial@page=\box53
\last@line=\box54
\mc@boxedresult=\box55
\maxbalancingoverflow=\dimen149
\mult@rightbox=\box56
\mult@grightbox=\box57
\mult@firstbox=\box58
\mult@gfirstbox=\box59
\@tempa=\box60
\@tempa=\box61
\@tempa=\box62
\@tempa=\box63
\@tempa=\box64
\@tempa=\box65
\@tempa=\box66
\@tempa=\box67
\@tempa=\box68
\@tempa=\box69
\@tempa=\box70
\@tempa=\box71
\@tempa=\box72
\@tempa=\box73
\@tempa=\box74
\@tempa=\box75
\@tempa=\box76
\@tempa=\box77
\@tempa=\box78
\@tempa=\box79
\@tempa=\box80
\@tempa=\box81
\@tempa=\box82
\@tempa=\box83
\@tempa=\box84
\@tempa=\box85
\@tempa=\box86
\@tempa=\box87
\@tempa=\box88
\@tempa=\box89
\@tempa=\box90
\@tempa=\box91
\@tempa=\box92
\@tempa=\box93
\@tempa=\box94
\@tempa=\box95
\c@minrows=\count278
\c@columnbadness=\count279
\c@finalcolumnbadness=\count280
\last@try=\dimen150
\multicolovershoot=\dimen151
\multicolundershoot=\dimen152
\mult@nat@firstbox=\box96
\colbreak@box=\box97
\mc@col@check@num=\count281
)
\GlossaryMin=\dimen153
\c@GlossaryColumns=\count282
\check@sum=\count283
\bslash@cnt=\count284
\wrong@table=\toks17
\c@CodelineNo=\count285
\@temptokenb=\toks18
)) (/home/lucas_galdino/.tex_installation/texmf-dist/tex/latex/lm/lmodern.sty
Package: lmodern 2015/05/01 v1.6.1 Latin Modern Fonts
LaTeX Font Info:    Overwriting symbol font `operators' in version `normal'
(Font)                  OT1/cmr/m/n --> OT1/lmr/m/n on input line 22.
LaTeX Font Info:    Overwriting symbol font `letters' in version `normal'
(Font)                  OML/cmm/m/it --> OML/lmm/m/it on input line 23.
LaTeX Font Info:    Overwriting symbol font `symbols' in version `normal'
(Font)                  OMS/cmsy/m/n --> OMS/lmsy/m/n on input line 24.
LaTeX Font Info:    Overwriting symbol font `largesymbols' in version `normal'
(Font)                  OMX/cmex/m/n --> OMX/lmex/m/n on input line 25.
LaTeX Font Info:    Overwriting symbol font `operators' in version `bold'
(Font)                  OT1/cmr/bx/n --> OT1/lmr/bx/n on input line 26.
LaTeX Font Info:    Overwriting symbol font `letters' in version `bold'
(Font)                  OML/cmm/b/it --> OML/lmm/b/it on input line 27.
LaTeX Font Info:    Overwriting symbol font `symbols' in version `bold'
(Font)                  OMS/cmsy/b/n --> OMS/lmsy/b/n on input line 28.
LaTeX Font Info:    Overwriting symbol font `largesymbols' in version `bold'
(Font)                  OMX/cmex/m/n --> OMX/lmex/m/n on input line 29.
LaTeX Font Info:    Overwriting math alphabet `\mathbf' in version `normal'
(Font)                  OT1/cmr/bx/n --> OT1/lmr/bx/n on input line 31.
LaTeX Font Info:    Overwriting math alphabet `\mathsf' in version `normal'
(Font)                  OT1/cmss/m/n --> OT1/lmss/m/n on input line 32.
LaTeX Font Info:    Overwriting math alphabet `\mathit' in version `normal'
(Font)                  OT1/cmr/m/it --> OT1/lmr/m/it on input line 33.
LaTeX Font Info:    Overwriting math alphabet `\mathtt' in version `normal'
(Font)                  OT1/cmtt/m/n --> OT1/lmtt/m/n on input line 34.
LaTeX Font Info:    Overwriting math alphabet `\mathbf' in version `bold'
(Font)                  OT1/cmr/bx/n --> OT1/lmr/bx/n on input line 35.
LaTeX Font Info:    Overwriting math alphabet `\mathsf' in version `bold'
(Font)                  OT1/cmss/bx/n --> OT1/lmss/bx/n on input line 36.
LaTeX Font Info:    Overwriting math alphabet `\mathit' in version `bold'
(Font)                  OT1/cmr/bx/it --> OT1/lmr/bx/it on input line 37.
LaTeX Font Info:    Overwriting math alphabet `\mathtt' in version `bold'
(Font)                  OT1/cmtt/m/n --> OT1/lmtt/m/n on input line 38.
)
(/home/lucas_galdino/.tex_installation/texmf-dist/tex/latex/base/fontenc.sty
Package: fontenc 2021/04/29 v2.0v Standard LaTeX package
LaTeX Font Info:    Trying to load font information for T1+lmr on input line 11
6.

(/home/lucas_galdino/.tex_installation/texmf-dist/tex/latex/lm/t1lmr.fd
File: t1lmr.fd 2015/05/01 v1.6.1 Font defs for Latin Modern
))
(/home/lucas_galdino/.tex_installation/texmf-dist/tex/latex/base/inputenc.sty
Package: inputenc 2024/02/08 v1.3d Input encoding file
\inpenc@prehook=\toks19
\inpenc@posthook=\toks20
)
(/home/lucas_galdino/.tex_installation/texmf-dist/tex/generic/babel/babel.sty
Package: babel 2024/10/05 v24.11 The Babel package
\babel@savecnt=\count286
\U@D=\dimen154
\l@unhyphenated=\language89

(/home/lucas_galdino/.tex_installation/texmf-dist/tex/generic/babel/txtbabel.de
f)
\bbl@readstream=\read2
\bbl@dirlevel=\count287

(/home/lucas_galdino/.tex_installation/texmf-dist/tex/generic/babel-portuges/br
azil.ldf
Language: portuges 2021/07/09 v1.2t Portuguese support from the babel system
Package babel Info: Hyphen rules for 'brazil' set to \l@portuguese
(babel)             (\language72). Reported on input line 111.
Package babel Info: Making " an active character on input line 143.
))
(/home/lucas_galdino/.tex_installation/texmf-dist/tex/latex/hyperref/hyperref.s
ty
Package: hyperref 2024-07-10 v7.01j Hypertext links for LaTeX

(/home/lucas_galdino/.tex_installation/texmf-dist/tex/generic/iftex/iftex.sty
Package: iftex 2022/02/03 v1.0f TeX engine tests
)
(/home/lucas_galdino/.tex_installation/texmf-dist/tex/latex/graphics/keyval.sty
Package: keyval 2022/05/29 v1.15 key=value parser (DPC)
\KV@toks@=\toks21
)
(/home/lucas_galdino/.tex_installation/texmf-dist/tex/latex/kvsetkeys/kvsetkeys
.sty
Package: kvsetkeys 2022-10-05 v1.19 Key value parser (HO)
)
(/home/lucas_galdino/.tex_installation/texmf-dist/tex/generic/kvdefinekeys/kvde
finekeys.sty
Package: kvdefinekeys 2019-12-19 v1.6 Define keys (HO)
)
(/home/lucas_galdino/.tex_installation/texmf-dist/tex/generic/pdfescape/pdfesca
pe.sty
Package: pdfescape 2019/12/09 v1.15 Implements pdfTeX's escape features (HO)

(/home/lucas_galdino/.tex_installation/texmf-dist/tex/generic/ltxcmds/ltxcmds.s
ty
Package: ltxcmds 2023-12-04 v1.26 LaTeX kernel commands for general use (HO)
)
(/home/lucas_galdino/.tex_installation/texmf-dist/tex/generic/pdftexcmds/pdftex
cmds.sty
Package: pdftexcmds 2020-06-27 v0.33 Utility functions of pdfTeX for LuaTeX (HO
)

(/home/lucas_galdino/.tex_installation/texmf-dist/tex/generic/infwarerr/infware
rr.sty
Package: infwarerr 2019/12/03 v1.5 Providing info/warning/error messages (HO)
)
Package pdftexcmds Info: \pdf@primitive is available.
Package pdftexcmds Info: \pdf@ifprimitive is available.
Package pdftexcmds Info: \pdfdraftmode found.
))
(/home/lucas_galdino/.tex_installation/texmf-dist/tex/latex/hycolor/hycolor.sty
Package: hycolor 2020-01-27 v1.10 Color options for hyperref/bookmark (HO)
)
(/home/lucas_galdino/.tex_installation/texmf-dist/tex/latex/hyperref/nameref.st
y
Package: nameref 2023-11-26 v2.56 Cross-referencing by name of section

(/home/lucas_galdino/.tex_installation/texmf-dist/tex/latex/refcount/refcount.s
ty
Package: refcount 2019/12/15 v3.6 Data extraction from label references (HO)
)
(/home/lucas_galdino/.tex_installation/texmf-dist/tex/generic/gettitlestring/ge
ttitlestring.sty
Package: gettitlestring 2019/12/15 v1.6 Cleanup title references (HO)

(/home/lucas_galdino/.tex_installation/texmf-dist/tex/latex/kvoptions/kvoptions
.sty
Package: kvoptions 2022-06-15 v3.15 Key value format for package options (HO)
))
\c@section@level=\count288
)
(/home/lucas_galdino/.tex_installation/texmf-dist/tex/latex/etoolbox/etoolbox.s
ty
Package: etoolbox 2020/10/05 v2.5k e-TeX tools for LaTeX (JAW)
\etb@tempcnta=\count289
)
(/home/lucas_galdino/.tex_installation/texmf-dist/tex/generic/stringenc/stringe
nc.sty
Package: stringenc 2019/11/29 v1.12 Convert strings between diff. encodings (HO
)
)
\@linkdim=\dimen155
\Hy@linkcounter=\count290
\Hy@pagecounter=\count291

(/home/lucas_galdino/.tex_installation/texmf-dist/tex/latex/hyperref/pd1enc.def
File: pd1enc.def 2024-07-10 v7.01j Hyperref: PDFDocEncoding definition (HO)
Now handling font encoding PD1 ...
... no UTF-8 mapping file for font encoding PD1
)
(/home/lucas_galdino/.tex_installation/texmf-dist/tex/generic/intcalc/intcalc.s
ty
Package: intcalc 2019/12/15 v1.3 Expandable calculations with integers (HO)
)
\Hy@SavedSpaceFactor=\count292

(/home/lucas_galdino/.tex_installation/texmf-dist/tex/latex/hyperref/puenc.def
File: puenc.def 2024-07-10 v7.01j Hyperref: PDF Unicode definition (HO)
Now handling font encoding PU ...
... no UTF-8 mapping file for font encoding PU
)
Package hyperref Info: Hyper figures OFF on input line 4157.
Package hyperref Info: Link nesting OFF on input line 4162.
Package hyperref Info: Hyper index ON on input line 4165.
Package hyperref Info: Plain pages OFF on input line 4172.
Package hyperref Info: Backreferencing OFF on input line 4177.
Package hyperref Info: Implicit mode ON; LaTeX internals redefined.
Package hyperref Info: Bookmarks ON on input line 4424.
\c@Hy@tempcnt=\count293
(/home/lucas_galdino/.tex_installation/texmf-dist/tex/latex/url/url.sty
\Urlmuskip=\muskip17
Package: url 2013/09/16  ver 3.4  Verb mode for urls, etc.
)
LaTeX Info: Redefining \url on input line 4763.
\XeTeXLinkMargin=\dimen156

(/home/lucas_galdino/.tex_installation/texmf-dist/tex/generic/bitset/bitset.sty
Package: bitset 2019/12/09 v1.3 Handle bit-vector datatype (HO)

(/home/lucas_galdino/.tex_installation/texmf-dist/tex/generic/bigintcalc/bigint
calc.sty
Package: bigintcalc 2019/12/15 v1.5 Expandable calculations on big integers (HO
)
))
\Fld@menulength=\count294
\Field@Width=\dimen157
\Fld@charsize=\dimen158
Package hyperref Info: Hyper figures OFF on input line 6042.
Package hyperref Info: Link nesting OFF on input line 6047.
Package hyperref Info: Hyper index ON on input line 6050.
Package hyperref Info: backreferencing OFF on input line 6057.
Package hyperref Info: Link coloring OFF on input line 6062.
Package hyperref Info: Link coloring with OCG OFF on input line 6067.
Package hyperref Info: PDF/A mode OFF on input line 6072.

(/home/lucas_galdino/.tex_installation/texmf-dist/tex/latex/base/atbegshi-ltx.s
ty
Package: atbegshi-ltx 2021/01/10 v1.0c Emulation of the original atbegshi
package with kernel methods
)
\Hy@abspage=\count295
\c@Item=\count296
\c@Hfootnote=\count297
)
Package hyperref Info: Driver (autodetected): hpdftex.

(/home/lucas_galdino/.tex_installation/texmf-dist/tex/latex/hyperref/hpdftex.de
f
File: hpdftex.def 2024-07-10 v7.01j Hyperref driver for pdfTeX

(/home/lucas_galdino/.tex_installation/texmf-dist/tex/latex/base/atveryend-ltx.
sty
Package: atveryend-ltx 2020/08/19 v1.0a Emulation of the original atveryend pac
kage
with kernel methods
)
\Fld@listcount=\count298
\c@bookmark@seq@number=\count299

(/home/lucas_galdino/.tex_installation/texmf-dist/tex/latex/rerunfilecheck/reru
nfilecheck.sty
Package: rerunfilecheck 2022-07-10 v1.10 Rerun checks for auxiliary files (HO)

(/home/lucas_galdino/.tex_installation/texmf-dist/tex/generic/uniquecounter/uni
quecounter.sty
Package: uniquecounter 2019/12/15 v1.4 Provide unlimited unique counter (HO)
)
Package uniquecounter Info: New unique counter `rerunfilecheck' on input line 2
85.
)
\Hy@SectionHShift=\skip55
)
(/home/lucas_galdino/.tex_installation/texmf-dist/tex/latex/nomencl/nomencl.sty
Package: nomencl 2021/11/10 v5.6 Nomenclature package

(/home/lucas_galdino/.tex_installation/texmf-dist/tex/latex/xkeyval/xkeyval.sty
Package: xkeyval 2022/06/16 v2.9 package option processing (HA)

(/home/lucas_galdino/.tex_installation/texmf-dist/tex/generic/xkeyval/xkeyval.t
ex
(/home/lucas_galdino/.tex_installation/texmf-dist/tex/generic/xkeyval/xkvutils.
tex
\XKV@toks=\toks22
\XKV@tempa@toks=\toks23
)
\XKV@depth=\count300
File: xkeyval.tex 2014/12/03 v2.7a key=value parser (HA)
))
(/home/lucas_galdino/.tex_installation/texmf-dist/tex/latex/base/ifthen.sty
Package: ifthen 2024/03/16 v1.1e Standard LaTeX ifthen package (DPC)
)
(/home/lucas_galdino/.tex_installation/texmf-dist/tex/latex/koma-script/tocbasi
c.sty
Package: tocbasic 2023/07/07 v3.41 KOMA-Script package (handling toc-files)

(/home/lucas_galdino/.tex_installation/texmf-dist/tex/latex/koma-script/scrbase
.sty
Package: scrbase 2023/07/07 v3.41 KOMA-Script package (KOMA-Script-independent 
basics and keyval usage)

(/home/lucas_galdino/.tex_installation/texmf-dist/tex/latex/koma-script/scrlfil
e.sty
Package: scrlfile 2023/07/07 v3.41 KOMA-Script package (file load hooks)

(/home/lucas_galdino/.tex_installation/texmf-dist/tex/latex/koma-script/scrlfil
e-hook.sty
Package: scrlfile-hook 2023/07/07 v3.41 KOMA-Script package (using LaTeX hooks)


(/home/lucas_galdino/.tex_installation/texmf-dist/tex/latex/koma-script/scrlogo
.sty
Package: scrlogo 2023/07/07 v3.41 KOMA-Script package (logo)
)))
Applying: [2021/05/01] Usage of raw or classic option list on input line 252.
Already applied: [0000/00/00] Usage of raw or classic option list on input line
 368.
)
\scr@dte@tocline@numberwidth=\skip56
\scr@dte@tocline@numbox=\box98
)
Package tocbasic Info: setting babel extension for `nlo' on input line 187.
Package tocbasic Info: setting babel extension for `nls' on input line 188.
\nomlabelwidth=\dimen159
\nom@tempdim=\dimen160
\nomitemsep=\skip57
)
(/home/lucas_galdino/.tex_installation/texmf-dist/tex/latex/microtype/microtype
.sty
Package: microtype 2024/03/29 v3.1b Micro-typographical refinements (RS)
\MT@toks=\toks24
\MT@tempbox=\box99
\MT@count=\count301
LaTeX Info: Redefining \noprotrusionifhmode on input line 1061.
LaTeX Info: Redefining \leftprotrusion on input line 1062.
\MT@prot@toks=\toks25
LaTeX Info: Redefining \rightprotrusion on input line 1081.
LaTeX Info: Redefining \textls on input line 1392.
\MT@outer@kern=\dimen161
LaTeX Info: Redefining \textmicrotypecontext on input line 2013.
\MT@listname@count=\count302

(/home/lucas_galdino/.tex_installation/texmf-dist/tex/latex/microtype/microtype
-pdftex.def
File: microtype-pdftex.def 2024/03/29 v3.1b Definitions specific to pdftex (RS)

LaTeX Info: Redefining \lsstyle on input line 902.
LaTeX Info: Redefining \lslig on input line 902.
\MT@outer@space=\skip58
)
Package microtype Info: Loading configuration file microtype.cfg.

(/home/lucas_galdino/.tex_installation/texmf-dist/tex/latex/microtype/microtype
.cfg
File: microtype.cfg 2024/03/29 v3.1b microtype main configuration file (RS)
))
(/home/lucas_galdino/.tex_installation/texmf-dist/tex/latex/booktabs/booktabs.s
ty
Package: booktabs 2020/01/12 v1.61803398 Publication quality tables
\heavyrulewidth=\dimen162
\lightrulewidth=\dimen163
\cmidrulewidth=\dimen164
\belowrulesep=\dimen165
\belowbottomsep=\dimen166
\aboverulesep=\dimen167
\abovetopsep=\dimen168
\cmidrulesep=\dimen169
\cmidrulekern=\dimen170
\defaultaddspace=\dimen171
\@cmidla=\count303
\@cmidlb=\count304
\@aboverulesep=\dimen172
\@belowrulesep=\dimen173
\@thisruleclass=\count305
\@lastruleclass=\count306
\@thisrulewidth=\dimen174
)
Package hyperref Info: Option `colorlinks' set `true' on input line 50.

(/home/lucas_galdino/.tex_installation/texmf-dist/tex/latex/comment/comment.sty
\CommentStream=\write3
Excluding comment 'comment') Excluding comment 'htmlonly'
Excluding comment 'rawhtml' Include comment 'latexonly' (./abntex2cite.sty
Package: abntex2cite <CURRENT_DATE> v<VERSION> abnTeX2

(/home/lucas_galdino/.tex_installation/texmf-dist/tex/latex/tools/calc.sty
Package: calc 2023/07/08 v4.3 Infix arithmetic (KKT,FJ)
\calc@Acount=\count307
\calc@Bcount=\count308
\calc@Adimen=\dimen175
\calc@Bdimen=\dimen176
\calc@Askip=\skip59
\calc@Bskip=\skip60
LaTeX Info: Redefining \setlength on input line 80.
LaTeX Info: Redefining \addtolength on input line 81.
\calc@Ccount=\count309
\calc@Cskip=\skip61
)
(/home/lucas_galdino/.tex_installation/texmf-dist/tex/latex/abntex2/abntex2abre
v.sty)
(/home/lucas_galdino/.tex_installation/texmf-dist/tex/latex/setspace/setspace.s
ty
Package: setspace 2022/12/04 v6.7b set line spacing
)
\minimumbiblabelwidth=\skip62
\ABCIauxlen=\skip63
\c@ABCIaux=\count310
\c@ABCImax=\count311

(/home/lucas_galdino/.tex_installation/texmf-dist/tex/generic/iftex/ifpdf.sty
Package: ifpdf 2019/10/25 v3.4 ifpdf legacy package. Use iftex instead.
)
(/home/lucas_galdino/.tex_installation/texmf-dist/tex/generic/iftex/ifxetex.sty
Package: ifxetex 2019/10/25 v0.7 ifxetex legacy package. Use iftex instead.
)
(/home/lucas_galdino/.tex_installation/texmf-dist/tex/latex/relsize/relsize.sty
Package: relsize 2013/03/29 ver 4.1
)
\biblabelsep=\skip64
LaTeX Info: Redefining \newblock on input line 591.
LaTeX Info: Redefining \cite on input line 862.
\ABCItoken=\toks26
)
(/home/lucas_galdino/.tex_installation/texmf-dist/tex/latex/graphics/color.sty
Package: color 2024/01/14 v1.3d Standard LaTeX Color (DPC)

(/home/lucas_galdino/.tex_installation/texmf-dist/tex/latex/graphics-cfg/color.
cfg
File: color.cfg 2016/01/02 v1.6 sample color configuration
)
Package color Info: Driver file: pdftex.def on input line 149.

(/home/lucas_galdino/.tex_installation/texmf-dist/tex/latex/graphics-def/pdftex
.def
File: pdftex.def 2024/04/13 v1.2c Graphics/color driver for pdftex
)
(/home/lucas_galdino/.tex_installation/texmf-dist/tex/latex/graphics/mathcolor.
ltx))
(/home/lucas_galdino/.tex_installation/texmf-dist/tex/latex/listings/listings.s
ty
\lst@mode=\count312
\lst@gtempboxa=\box100
\lst@token=\toks27
\lst@length=\count313
\lst@currlwidth=\dimen177
\lst@column=\count314
\lst@pos=\count315
\lst@lostspace=\dimen178
\lst@width=\dimen179
\lst@newlines=\count316
\lst@lineno=\count317
\lst@maxwidth=\dimen180

(/home/lucas_galdino/.tex_installation/texmf-dist/tex/latex/listings/lstpatch.s
ty
File: lstpatch.sty 2024/09/23 1.10c (Carsten Heinz)
)
(/home/lucas_galdino/.tex_installation/texmf-dist/tex/latex/listings/lstmisc.st
y
File: lstmisc.sty 2024/09/23 1.10c (Carsten Heinz)
\c@lstnumber=\count318
\lst@skipnumbers=\count319
\lst@framebox=\box101
)
(/home/lucas_galdino/.tex_installation/texmf-dist/tex/latex/listings/listings.c
fg
File: listings.cfg 2024/09/23 1.10c listings configuration
))
Package: listings 2024/09/23 1.10c (Carsten Heinz)

(/home/lucas_galdino/.tex_installation/texmf-dist/tex/latex/listings/lstlang1.s
ty
File: lstlang1.sty 2024/09/23 1.10c listings language file
)
(/home/lucas_galdino/.tex_installation/texmf-dist/tex/latex/listings/lstlang2.s
ty
File: lstlang2.sty 2024/09/23 1.10c listings language file
)
(/home/lucas_galdino/.tex_installation/texmf-dist/tex/latex/listings/lstlang3.s
ty
File: lstlang3.sty 2024/09/23 1.10c listings language file
)
(/home/lucas_galdino/.tex_installation/texmf-dist/tex/latex/listings/lstlang1.s
ty
File: lstlang1.sty 2024/09/23 1.10c listings language file
)
(/home/lucas_galdino/.tex_installation/texmf-dist/tex/latex/listings/lstlang2.s
ty
File: lstlang2.sty 2024/09/23 1.10c listings language file
)
(/home/lucas_galdino/.tex_installation/texmf-dist/tex/latex/listings/lstlang3.s
ty
File: lstlang3.sty 2024/09/23 1.10c listings language file
)
(/home/lucas_galdino/.tex_installation/texmf-dist/tex/latex/listings/lstlang1.s
ty
File: lstlang1.sty 2024/09/23 1.10c listings language file
)
(/home/lucas_galdino/.tex_installation/texmf-dist/tex/latex/listings/lstlang2.s
ty
File: lstlang2.sty 2024/09/23 1.10c listings language file
)
(/home/lucas_galdino/.tex_installation/texmf-dist/tex/latex/listings/lstlang3.s
ty
File: lstlang3.sty 2024/09/23 1.10c listings language file
)
(/home/lucas_galdino/.tex_installation/texmf-dist/tex/latex/listings/lstmisc.st
y
File: lstmisc.sty 2024/09/23 1.10c (Carsten Heinz)
)
Package color Info: Redefining color blue on input line 133.

(/home/lucas_galdino/.tex_installation/texmf-dist/tex/latex/hypdoc/hypdoc.sty
Package: hypdoc 2023-10-26 v1.19 Hyper extensions for doc.sty (HO)


Package hypdoc Warning: hyperref has been loaded before with option 'hyperindex
' enabled.
(hypdoc)                The index will not work properly. on input line 65.

Package hypdoc Info: hyperref has been loaded before with option 'pdfusetitle' 
disabled. on input line 65.
Package hyperref Info: Option `colorlinks' set `true' on input line 75.
Package hyperref Info: Option `plainpages' set `false' on input line 75.
Package hyperref Info: Option `bookmarksopen' set `true' on input line 75.
Package hyperref Info: Option `bookmarksnumbered' set `true' on input line 75.
\c@HD@unique=\count320
\c@HD@hypercount=\count321
\HD@helplength=\skip65
)
(/home/lucas_galdino/.tex_installation/texmf-dist/tex/latex/l3backend/l3backend
-pdftex.def
File: l3backend-pdftex.def 2024-05-08 L3 backend support: PDF output (pdfTeX)
\l__color_backend_stack_int=\count322
\l__pdf_internal_box=\box102
) (./abntex2cite.aux)
\openout1 = `abntex2cite.aux'.

LaTeX Font Info:    Checking defaults for OML/cmm/m/it on input line 137.
LaTeX Font Info:    ... okay on input line 137.
LaTeX Font Info:    Checking defaults for OMS/cmsy/m/n on input line 137.
LaTeX Font Info:    ... okay on input line 137.
LaTeX Font Info:    Checking defaults for OT1/cmr/m/n on input line 137.
LaTeX Font Info:    ... okay on input line 137.
LaTeX Font Info:    Checking defaults for T1/cmr/m/n on input line 137.
LaTeX Font Info:    ... okay on input line 137.
LaTeX Font Info:    Checking defaults for TS1/cmr/m/n on input line 137.
LaTeX Font Info:    ... okay on input line 137.
LaTeX Font Info:    Checking defaults for OMX/cmex/m/n on input line 137.
LaTeX Font Info:    ... okay on input line 137.
LaTeX Font Info:    Checking defaults for U/cmr/m/n on input line 137.
LaTeX Font Info:    ... okay on input line 137.
LaTeX Font Info:    Checking defaults for PD1/pdf/m/n on input line 137.
LaTeX Font Info:    ... okay on input line 137.
LaTeX Font Info:    Checking defaults for PU/pdf/m/n on input line 137.
LaTeX Font Info:    ... okay on input line 137.
Package doc Info: Made | a short reference for \verb on input line 137.
Package hyperref Info: Link coloring ON on input line 137.
 (./abntex2cite.out) (./abntex2cite.out)
\@outlinefile=\write4
\openout4 = `abntex2cite.out'.

LaTeX Info: Redefining \microtypecontext on input line 137.
Package microtype Info: Applying patch `item' on input line 137.
Package microtype Info: Applying patch `toc' on input line 137.
Package microtype Info: Applying patch `eqnum' on input line 137.


Package microtype Warning: Unable to apply patch `footnote' on input line 137.

Package microtype Info: Applying patch `verbatim' on input line 137.
Package microtype Info: Generating PDF output.
Package microtype Info: Character protrusion enabled (level 2).
Package microtype Info: Using default protrusion set `alltext'.
Package microtype Info: Automatic font expansion enabled (level 2),
(microtype)             stretch: 20, shrink: 20, step: 1, non-selected.
Package microtype Info: Using default expansion set `alltext-nott'.
LaTeX Info: Redefining \showhyphens on input line 137.
Package microtype Info: No adjustment of tracking.
Package microtype Info: No adjustment of interword spacing.
Package microtype Info: No adjustment of character kerning.

(/home/lucas_galdino/.tex_installation/texmf-dist/tex/latex/microtype/mt-cmr.cf
g
File: mt-cmr.cfg 2013/05/19 v2.2 microtype config. file: Computer Modern Roman 
(RS)
)
(/home/lucas_galdino/.tex_installation/texmf-dist/tex/context/base/mkii/supp-pd
f.mkii
[Loading MPS to PDF converter (version 2006.09.02).]
\scratchcounter=\count323
\scratchdimen=\dimen181
\scratchbox=\box103
\nofMPsegments=\count324
\nofMParguments=\count325
\everyMPshowfont=\toks28
\MPscratchCnt=\count326
\MPscratchDim=\dimen182
\MPnumerator=\count327
\makeMPintoPDFobject=\count328
\everyMPtoPDFconversion=\toks29
)
\c@lstlisting=\count329
Package tocbasic Info: setting babel extension for `lol' on input line 137.
 (./abntex2cite.hd)
\HD@savedest@out=\write5
\openout5 = `abntex2cite.hd'.



LaTeX Warning: Citation `NBR6023:2000' undefined on input line 142.


LaTeX Warning: Citation `NBR10520:1988' undefined on input line 142.


LaTeX Warning: Citation `NBR10520:2001' undefined on input line 142.


LaTeX Warning: Citation `abnt-bibtex-alf-doc' undefined on input line 142.


LaTeX Warning: Citation `gomes1998' undefined on input line 143.


LaTeX Warning: Citation `FUNDAP1994' undefined on input line 143.


LaTeX Warning: Citation `barcelos1998' undefined on input line 145.


LaTeX Warning: Citation `IBICT1993' undefined on input line 147.


LaTeX Warning: Citation `houaiss1996' undefined on input line 147.


LaTeX Warning: Citation `folha1995' undefined on input line 147.


LaTeX Warning: Citation `secretaria1989' undefined on input line 147.


LaTeX Warning: Citation `museu1997' undefined on input line 147.


LaTeX Warning: Citation `moreira1997' undefined on input line 147.


LaTeX Warning: Citation `torelly1991' undefined on input line 147.


LaTeX Warning: Citation `romano1996' undefined on input line 148.


LaTeX Warning: Citation `santos1994' undefined on input line 148.


LaTeX Warning: Citation `koogan1998' undefined on input line 149.


LaTeX Warning: Citation `priberam1998' undefined on input line 149.


LaTeX Warning: Citation `secretaria1999' undefined on input line 149.


LaTeX Warning: Citation `brasileira1939' undefined on input line 150.


LaTeX Warning: Citation `geografico1943' undefined on input line 150.


LaTeX Warning: Citation `paulista1941' undefined on input line 150.


LaTeX Warning: Citation `fgv1984' undefined on input line 151.


LaTeX Warning: Citation `ibge1983' undefined on input line 151.


LaTeX Warning: Citation `tres2000' undefined on input line 151.


LaTeX Warning: Citation `costa1998' undefined on input line 151.


LaTeX Warning: Citation `gurgel1997' undefined on input line 151.


LaTeX Warning: Citation `tourinho1997' undefined on input line 151.


LaTeX Warning: Citation `mansilla1998' undefined on input line 151.


LaTeX Warning: Citation `aldus1997' undefined on input line 152.


LaTeX Warning: Citation `naves1999' undefined on input line 152.


LaTeX Warning: Citation `leal1999' undefined on input line 153.


LaTeX Warning: Citation `silva1998' undefined on input line 154.


LaTeX Warning: Citation `ribeiro1998' undefined on input line 154.


LaTeX Warning: Citation `pc1998' undefined on input line 154.


LaTeX Warning: Citation `gsilva1998' undefined on input line 154.


LaTeX Warning: Citation `kelly1996' undefined on input line 154.


LaTeX Warning: Citation `nordeste1998' undefined on input line 154.


LaTeX Warning: Citation `redes1995' undefined on input line 155.


LaTeX Warning: Citation `chemical1984' undefined on input line 155.


LaTeX Warning: Citation `quimica1997' undefined on input line 155.


LaTeX Warning: Citation `martin1997' undefined on input line 156.


LaTeX Warning: Citation `brayner1994' undefined on input line 156.


LaTeX Warning: Citation `souza1994' undefined on input line 156.


LaTeX Warning: Citation `cientifica1996' undefined on input line 157.


LaTeX Warning: Citation `oliveira1996' undefined on input line 157.


LaTeX Warning: Citation `guncho1998' undefined on input line 157.


LaTeX Warning: Citation `sabroza1998' undefined on input line 157.


LaTeX Warning: Citation `krzyzanowski1996' undefined on input line 157.


LaTeX Warning: Citation `cruvinel1989' undefined on input line 157.


LaTeX Warning: Citation `brasil1988' undefined on input line 158.


LaTeX Warning: Citation `brasil1966' undefined on input line 158.


LaTeX Warning: Citation `brasil1997' undefined on input line 158.


LaTeX Warning: Citation `lex1998' undefined on input line 158.


LaTeX Warning: Citation `leis1991' undefined on input line 158.


LaTeX Warning: Citation `lex1943' undefined on input line 158.


LaTeX Warning: Citation `brasil1995' undefined on input line 158.


LaTeX Warning: Citation `brasillex1998' undefined on input line 159.


LaTeX Warning: Citation `tribunal1998' undefined on input line 159.


LaTeX Warning: Citation `brasil1994' undefined on input line 159.


LaTeX Warning: Citation `barros1995' undefined on input line 160.


LaTeX Warning: Citation `brasil1999' undefined on input line 160.


LaTeX Warning: Citation `brasil1998' undefined on input line 160.


LaTeX Warning: Citation `supremo1998' undefined on input line 160.


LaTeX Warning: Citation `ceravi1983' undefined on input line 161.


LaTeX Warning: Citation `riofilme1998' undefined on input line 161.


LaTeX Warning: Citation `warner1991' undefined on input line 161.


LaTeX Warning: Citation `kobayashi1998' undefined on input line 162.


LaTeX Warning: Citation `fraipont1998' undefined on input line 164.


LaTeX Warning: Citation `ceravi1985' undefined on input line 166.


LaTeX Warning: Citation `souza1985' undefined on input line 166.


LaTeX Warning: Citation `samu1977' undefined on input line 166.


LaTeX Warning: Citation `mattos1987' undefined on input line 166.


LaTeX Warning: Citation `vaso1999' undefined on input line 166.


LaTeX Warning: Citation `levi1997' undefined on input line 166.


LaTeX Warning: Citation `datum1996' undefined on input line 166.


LaTeX Warning: Citation `britanica1981' undefined on input line 167.


LaTeX Warning: Citation `geografico1994' undefined on input line 167.


LaTeX Warning: Citation `michalany1981' undefined on input line 167.


LaTeX Warning: Citation `geografico1986' undefined on input line 167.


LaTeX Warning: Citation `espaciais1987' undefined on input line 167.


LaTeX Warning: Citation `univali1999' undefined on input line 167.


LaTeX Warning: Citation `globo1995' undefined on input line 168.


LaTeX Warning: Citation `alcione1988' undefined on input line 168.


LaTeX Warning: Citation `silva1991' undefined on input line 168.


LaTeX Warning: Citation `fagner1988' undefined on input line 168.


LaTeX Warning: Citation `simone1977' undefined on input line 168.


LaTeX Warning: Citation `alcionet1988' undefined on input line 168.


LaTeX Warning: Citation `simonej1977' undefined on input line 168.


LaTeX Warning: Citation `bart1952' undefined on input line 168.


LaTeX Warning: Citation `gallet1851' undefined on input line 168.


LaTeX Warning: Citation `villa1916' undefined on input line 168.


LaTeX Warning: Citation `duchamp1918' undefined on input line 169.


LaTeX Warning: Citation `europa0000' undefined on input line 169.


LaTeX Warning: Citation `indias0000' undefined on input line 169.


LaTeX Warning: Citation `birds1998' undefined on input line 171.


LaTeX Warning: Citation `tropical1998' undefined on input line 171.


LaTeX Warning: Citation `bioline1998' undefined on input line 171.


LaTeX Warning: Citation `drummond1998' undefined on input line 171.


LaTeX Warning: Citation `coordena1995' undefined on input line 171.


LaTeX Warning: Citation `marinho1995' undefined on input line 171.


LaTeX Warning: Citation `cassiano1998' undefined on input line 171.


LaTeX Warning: Citation `parana1998' undefined on input line 171.


LaTeX Warning: Citation `parana1997' undefined on input line 171.


LaTeX Warning: Citation `microsoft1995' undefined on input line 171.


LaTeX Warning: Citation `mpc1993' undefined on input line 171.


LaTeX Warning: Citation `sony1990' undefined on input line 171.


LaTeX Warning: Citation `accioly2000' undefined on input line 171.


LaTeX Warning: Citation `alves1995' undefined on input line 173.


LaTeX Warning: Citation `dami1995' undefined on input line 173.


LaTeX Warning: Citation `passos1995' undefined on input line 175.


LaTeX Warning: Citation `urani1994' undefined on input line 176.


LaTeX Warning: Citation `ferreira1991' undefined on input line 177.


LaTeX Warning: Citation `marcondes1993' undefined on input line 177.


LaTeX Warning: Citation `moore1960' undefined on input line 177.


LaTeX Warning: Citation `lujan1993' undefined on input line 177.


LaTeX Warning: Citation `brasileira1993' undefined on input line 178.


LaTeX Warning: Citation `diniz1994' undefined on input line 178.


LaTeX Warning: Citation `alighieri1983' undefined on input line 179.


LaTeX Warning: Citation `gomes1995' undefined on input line 179.


LaTeX Warning: Citation `albergaria1994' undefined on input line 179.


LaTeX Warning: Citation `brasileira1988' undefined on input line 180.


LaTeX Warning: Citation `universidade1993' undefined on input line 180.


LaTeX Warning: Citation `biblioteconomia1979' undefined on input line 180.


LaTeX Warning: Citation `secretaria1993' undefined on input line 181.


LaTeX Warning: Citation `justica1993' undefined on input line 181.


LaTeX Warning: Citation `biblioteca1985' undefined on input line 182.


LaTeX Warning: Citation `biblioteca1983' undefined on input line 182.


LaTeX Warning: Citation `pastro1993' undefined on input line 183.


LaTeX Warning: Citation `golsalves1971' undefined on input line 183.


LaTeX Warning: Citation `febab1973' undefined on input line 183.


LaTeX Warning: Citation `boletim1965' undefined on input line 183.


LaTeX Warning: Citation `leitao1989' undefined on input line 183.


LaTeX Warning: Citation `schaum1956' undefined on input line 183.


LaTeX Warning: Citation `pedrosa1995' undefined on input line 183.


LaTeX Warning: Citation `francca1996' undefined on input line 183.


LaTeX Warning: Citation `francco1996' undefined on input line 183.


LaTeX Warning: Citation `zani1995' undefined on input line 184.


LaTeX Warning: Citation `swokowski1994' undefined on input line 184.


LaTeX Warning: Citation `lazzarini1994' undefined on input line 184.


LaTeX Warning: Citation `libris1981' undefined on input line 185.


LaTeX Warning: Citation `krieger1992' undefined on input line 185.


LaTeX Warning: Citation `daghalian1995' undefined on input line 186.


LaTeX Warning: Citation `lima1985' undefined on input line 186.


LaTeX Warning: Citation `maia1995:begin' undefined on input line 186.


LaTeX Warning: Citation `maia1995' undefined on input line 186.


LaTeX Warning: Citation `maia1995:end' undefined on input line 186.


LaTeX Warning: Citation `figueiredo1990' undefined on input line 186.


LaTeX Warning: Citation `franco1993' undefined on input line 186.


LaTeX Warning: Citation `alves1993' undefined on input line 187.


LaTeX Warning: Citation `vicosa1994' undefined on input line 188.


LaTeX Warning: Citation `leite1994' undefined on input line 189.


LaTeX Warning: Citation `cipolla1993' undefined on input line 189.


LaTeX Warning: Citation `florenzano1993' undefined on input line 189.


LaTeX Warning: Citation `biblica1970' undefined on input line 189.


LaTeX Warning: Citation `ruch1926' undefined on input line 189.


LaTeX Warning: Citation `grafica1985' undefined on input line 189.


LaTeX Warning: Citation `industria1957' undefined on input line 189.


LaTeX Warning: Citation `alcarde1996' undefined on input line 190.


LaTeX Warning: Citation `benetton1993' undefined on input line 190.


LaTeX Warning: Citation `figueirde1996' undefined on input line 191.


LaTeX Warning: Citation `lucci1994' undefined on input line 192.


LaTeX Warning: Citation `felipe1994' undefined on input line 192.


LaTeX Warning: Citation `lellis1994' undefined on input line 192.


LaTeX Warning: Citation `piaget1980' undefined on input line 192.


LaTeX Warning: Citation `tabak1993' undefined on input line 192.


LaTeX Warning: Citation `tourinho1994' undefined on input line 193.


LaTeX Warning: Citation `silva1996' undefined on input line 193.


LaTeX Warning: Citation `rego1991' undefined on input line 193.


LaTeX Warning: Citation `marques1993' undefined on input line 193.


LaTeX Warning: Citation `tamandare1993' undefined on input line 193.


LaTeX Warning: Citation `cesar1994' undefined on input line 194.


LaTeX Warning: Citation `azevedo1994' undefined on input line 194.


LaTeX Warning: Citation `batista1992' undefined on input line 194.


LaTeX Warning: Citation `chueire1994' undefined on input line 194.


LaTeX Warning: Citation `duran1993' undefined on input line 195.


LaTeX Warning: Citation `chemello1993' undefined on input line 195.


LaTeX Warning: Citation `arbex1993' undefined on input line 196.


LaTeX Warning: Citation `carvalho1994' undefined on input line 196.


LaTeX Warning: Citation `miglori1993' undefined on input line 196.


LaTeX Warning: Citation `amaral1994' undefined on input line 196.


LaTeX Warning: Citation `rodrigues1994' undefined on input line 196.


LaTeX Warning: Citation `carruth1993' undefined on input line 197.


LaTeX Warning: Citation `saadi1994' undefined on input line 197.


LaTeX Warning: Citation `mandino1994' undefined on input line 197.


LaTeX Warning: Citation `makau1962' undefined on input line 198.


LaTeX Warning: Citation `lion1981' undefined on input line 198.


LaTeX Warning: Citation `morgado1990' undefined on input line 199.


LaTeX Warning: Citation `araujo1986' undefined on input line 199.


LaTeX Warning: Citation `morgadob1990' undefined on input line 201.


LaTeX Warning: Citation `morgadoc1990' undefined on input line 203.


LaTeX Warning: Citation `laurenti1978' undefined on input line 205.


LaTeX Warning: Citation `marins1991' undefined on input line 205.


LaTeX Warning: Citation `malagrino1985' undefined on input line 205.


LaTeX Warning: Citation `zilberman1998' undefined on input line 205.


LaTeX Warning: Citation `holanda1994' undefined on input line 205.


LaTeX Warning: Citation `pelosi1993' undefined on input line 205.


LaTeX Warning: Citation `tringali1994' undefined on input line 205.


LaTeX Warning: Citation `delosmar1997' undefined on input line 205.


LaTeX Warning: Citation `resprinb1997' undefined on input line 205.


LaTeX Warning: Citation `cardim1984' undefined on input line 205.


LaTeX Warning: Citation `cretella1992' undefined on input line 206.


LaTeX Warning: Citation `boletime1965' undefined on input line 206.


LaTeX Warning: Citation `freyre1943' undefined on input line 208.


LaTeX Warning: Citation `freyre1936' undefined on input line 208.


LaTeX Warning: Citation `freyreg1936' undefined on input line 211.


LaTeX Warning: Citation `freyre1938' undefined on input line 211.


LaTeX Warning: Citation `DOI' undefined on input line 213.


LaTeX Warning: Citation `hamada2008' undefined on input line 214.


LaTeX Warning: Citation `ABNT-final' undefined on input line 216.

LaTeX Font Info:    Trying to load font information for T1+lmss on input line 2
41.
(/home/lucas_galdino/.tex_installation/texmf-dist/tex/latex/lm/t1lmss.fd
File: t1lmss.fd 2015/05/01 v1.6.1 Font defs for Latin Modern
)
Package microtype Info: Loading generic protrusion settings for font family
(microtype)             `lmss' (encoding: T1).
(microtype)             For optimal results, create family-specific settings.
(microtype)             See the microtype manual for details.
LaTeX Font Info:    Trying to load font information for OT1+lmr on input line 2
41.

(/home/lucas_galdino/.tex_installation/texmf-dist/tex/latex/lm/ot1lmr.fd
File: ot1lmr.fd 2015/05/01 v1.6.1 Font defs for Latin Modern
)
LaTeX Font Info:    Trying to load font information for OML+lmm on input line 2
41.

(/home/lucas_galdino/.tex_installation/texmf-dist/tex/latex/lm/omllmm.fd
File: omllmm.fd 2015/05/01 v1.6.1 Font defs for Latin Modern
)
LaTeX Font Info:    Trying to load font information for OMS+lmsy on input line 
241.

(/home/lucas_galdino/.tex_installation/texmf-dist/tex/latex/lm/omslmsy.fd
File: omslmsy.fd 2015/05/01 v1.6.1 Font defs for Latin Modern
)
LaTeX Font Info:    Trying to load font information for OMX+lmex on input line 
241.

(/home/lucas_galdino/.tex_installation/texmf-dist/tex/latex/lm/omxlmex.fd
File: omxlmex.fd 2015/05/01 v1.6.1 Font defs for Latin Modern
)
LaTeX Font Info:    External font `lmex10' loaded for size
(Font)              <12> on input line 241.
LaTeX Font Info:    External font `lmex10' loaded for size
(Font)              <8> on input line 241.
LaTeX Font Info:    External font `lmex10' loaded for size
(Font)              <6> on input line 241.

(./abntex2cite.toc
LaTeX Font Info:    External font `lmex10' loaded for size
(Font)              <10> on input line 6.
LaTeX Font Info:    External font `lmex10' loaded for size
(Font)              <7> on input line 6.
LaTeX Font Info:    External font `lmex10' loaded for size
(Font)              <5> on input line 6.
LaTeX Font Info:    Trying to load font information for T1+lmtt on input line 1
3.

(/home/lucas_galdino/.tex_installation/texmf-dist/tex/latex/lm/t1lmtt.fd
File: t1lmtt.fd 2015/05/01 v1.6.1 Font defs for Latin Modern
)
Package microtype Info: Loading generic protrusion settings for font family
(microtype)             `lmtt' (encoding: T1).
(microtype)             For optimal results, create family-specific settings.
(microtype)             See the microtype manual for details.
LaTeX Font Info:    Font shape `T1/lmtt/bx/n' in size <10> not available
(Font)              Font shape `T1/lmtt/b/n' tried instead on input line 22.


[1

{/home/lucas_galdino/.tex_installation/texmf-var/fonts/map/pdftex/updmap/pdftex
.map}{/home/lucas_galdino/.tex_installation/texmf-dist/fonts/enc/dvips/lm/lm-ec
.enc}])
\tf@toc=\write6
\openout6 = `abntex2cite.toc'.

 (./abntex2cite.lot

[2])
\tf@lot=\write7
\openout7 = `abntex2cite.lot'.



LaTeX Warning: Citation `abntex2cite-alf' on page 3 undefined on input line 259
.


LaTeX Warning: Citation `abntex2classe' on page 3 undefined on input line 261.


LaTeX Warning: Citation `biblatex-abnt' on page 3 undefined on input line 279.



[3{/home/lucas_galdino/.tex_installation/texmf-dist/fonts/enc/dvips/lm/lm-rm.en
c}{/home/lucas_galdino/.tex_installation/texmf-dist/fonts/enc/dvips/lm/lm-mathi
t.enc}]

LaTeX Warning: Citation `NBR6023:2000' on page 4 undefined on input line 334.


LaTeX Warning: Citation `NBR6023:2002' on page 4 undefined on input line 334.


LaTeX Warning: Citation `NBR10520:1988' on page 4 undefined on input line 334.


LaTeX Warning: Citation `NBR10520:2001' on page 4 undefined on input line 334.


LaTeX Warning: Citation `NBR6023:2000' on page 4 undefined on input line 352.



[4]

LaTeX Warning: Citation `NBR6023:2000' on page 5 undefined on input line 371.


Overfull \hbox (1.57475pt too wide) in paragraph at lines 421--421
 []|[]\T1/lmtt/m/n/9 \usepackage[num]abntex2cite
 []


LaTeX Warning: Citation `NBR6023:2000' on page 5 undefined on input line 423.



[5]

LaTeX Warning: Citation `NBR6023:2000' on page 6 undefined on input line 435.


LaTeX Warning: Marginpar on page 6 moved.


LaTeX Warning: Citation `Tsen86' on page 6 undefined on input line 460.


Overfull \hbox (17.108pt too wide) in paragraph at lines 455--462
[]  [] 
 []


Underfull \hbox (badness 10000) in paragraph at lines 455--462

 []


LaTeX Warning: Citation `urani1994' on page 6 undefined on input line 468.


Overfull \hbox (17.108pt too wide) in paragraph at lines 463--471
[]  [] 
 []


Underfull \hbox (badness 10000) in paragraph at lines 463--471

 []


LaTeX Warning: Marginpar on page 6 moved.


LaTeX Warning: Marginpar on page 6 moved.


LaTeX Warning: Citation `Tsen86' on page 6 undefined on input line 485.


LaTeX Warning: Citation `Tsen86' on page 6 undefined on input line 485.


LaTeX Warning: Citation `Tsen86' on page 6 undefined on input line 487.


Overfull \hbox (17.10802pt too wide) in paragraph at lines 479--489
[]  [] 
 []


Underfull \hbox (badness 10000) in paragraph at lines 479--489

 []



[6]

LaTeX Warning: Citation `Tsen86' on page 7 undefined on input line 499.


LaTeX Warning: Citation `Tsen86' on page 7 undefined on input line 499.


LaTeX Warning: Citation `Tsen86' on page 7 undefined on input line 499.


Overfull \hbox (17.108pt too wide) in paragraph at lines 493--503
[]  [] 
 []


Underfull \hbox (badness 10000) in paragraph at lines 493--503

 []


LaTeX Warning: Citation `Tsen86' on page 7 undefined on input line 514.


Overfull \hbox (31.3344pt too wide) in paragraph at lines 510--516
[]  [] 
 []


Underfull \hbox (badness 10000) in paragraph at lines 510--516

 []


LaTeX Warning: Citation `NBR10520:2002' on page 7 undefined on input line 523.


LaTeX Warning: Marginpar on page 7 moved.


LaTeX Warning: Marginpar on page 7 moved.


Overfull \hbox (1.57475pt too wide) in paragraph at lines 566--566
 []|[]\T1/lmtt/m/n/9 \usepackage[alf]abntex2cite
 []


LaTeX Warning: Citation `NBR6023:2000' on page 7 undefined on input line 568.



[7{/home/lucas_galdino/.tex_installation/texmf-dist/fonts/enc/dvips/lm/lm-maths
y.enc}]

LaTeX Warning: Citation `abntex2cite-alf' on page 8 undefined on input line 591
.


LaTeX Warning: Citation `brasil1988' on page 8 undefined on input line 596.



[8]

LaTeX Warning: Citation `brasil1988' on page 9 undefined on input line 628.



[9]
Overfull \hbox (0.37137pt too wide) in paragraph at lines 699--702
[]\T1/lmr/m/n/10 (-20) Ao com-pi-lar com \T1/lmtt/m/n/10 pdflatex\T1/lmr/m/n/10
 (-20) ,
 []

LaTeX Font Info:    Trying to load font information for TS1+lmr on input line 7
04.
(/home/lucas_galdino/.tex_installation/texmf-dist/tex/latex/lm/ts1lmr.fd
File: ts1lmr.fd 2015/05/01 v1.6.1 Font defs for Latin Modern
)
LaTeX Font Info:    Font shape `T1/lmtt/bx/n' in size <14.4> not available
(Font)              Font shape `T1/lmtt/b/n' tried instead on input line 729.


LaTeX Warning: Citation `abntex2cite-alf' on page 10 undefined on input line 73
1.


Overfull \hbox (32.68457pt too wide) in paragraph at lines 733--733
[]\T1/lmr/bx/n/14.4 (-20) Alteração di-nâ-mica das op-ções do es-tilo \T1/lmtt/
b/n/14.4 [citeoption] 
 []



[10{/home/lucas_galdino/.tex_installation/texmf-dist/fonts/enc/dvips/lm/lm-ts1.
enc}]
Overfull \hbox (10.35461pt too wide) in paragraph at lines 776--779
\T1/lmr/m/n/10 (-20) vi-ver cons-tan-te-mente com a men-sa-gem de que a re-fe-r
ên-cia  \T1/lmtt/m/n/10 abnt-full-initials=yes
 []


LaTeX Warning: Marginpar on page 11 moved.



[11]
Overfull \hbox (49.39719pt too wide) in paragraph at lines 853--857
[]\T1/lmr/m/n/10 (-20) você não pode usar [][]\T1/lmtt/m/n/10 \nocite{*} []\T1/
lmr/m/n/10 (-20) ou [][]\T1/lmtt/m/n/10 \cite{*} []\T1/lmr/m/n/10 (-20) junto c
om o ar-quivo \T1/lmtt/m/n/10 abntex2-options.bib\T1/lmr/m/n/10 (-20) ,
 []


LaTeX Warning: Citation `abntex2cite-alf' on page 12 undefined on input line 86
5.


Underfull \hbox (badness 1342) in paragraph at lines 890--892
[]\T1/lmr/m/n/10 (+20) usar am-bi-ente ma-te-má-tico, ou seja
 []


Overfull \hbox (3.96611pt too wide) in paragraph at lines 877--902
 [] 
 []


LaTeX Warning: Citation `abntex2cite-alf' on page 12 undefined on input line 91
6.


LaTeX Warning: Citation `abntex2cite-alf' on page 12 undefined on input line 92
1.


LaTeX Warning: Citation `NBR6023:2000' on page 12 undefined on input line 924.


Overfull \hbox (45.96599pt too wide) in paragraph at lines 913--944
 [] 
 []


LaTeX Warning: Citation `fraipont1998' on page 12 undefined on input line 960.


LaTeX Warning: Citation `alves1995' on page 12 undefined on input line 960.


LaTeX Warning: Citation `dami1995' on page 12 undefined on input line 960.


LaTeX Warning: Citation `maia1995' on page 12 undefined on input line 960.


LaTeX Warning: Citation `NBR6023:2000' on page 12 undefined on input line 978.


LaTeX Warning: Citation `freyre1943' on page 12 undefined on input line 982.


LaTeX Warning: Citation `freyre1936' on page 12 undefined on input line 982.


LaTeX Warning: Citation `freyreg1936' on page 12 undefined on input line 990.


LaTeX Warning: Citation `freyre1938' on page 12 undefined on input line 990.


LaTeX Warning: Citation `morgado1990' on page 12 undefined on input line 999.


LaTeX Warning: Citation `araujo1986' on page 12 undefined on input line 999.


LaTeX Warning: Citation `morgadob1990' on page 12 undefined on input line 1000.



LaTeX Warning: Citation `morgadoc1990' on page 12 undefined on input line 1001.



Overfull \hbox (35.46602pt too wide) in paragraph at lines 954--1005
 [] 
 []


Underfull \hbox (badness 2903) in paragraph at lines 1016--1018
[]\T1/lmr/m/n/10 (+20) Controla a uti-li-za-ção do co-mando
 []


LaTeX Warning: Citation `abnt-options0' on page 12 undefined on input line 1028
.


LaTeX Warning: Citation `abnt-options1' on page 12 undefined on input line 1028
.


LaTeX Warning: Citation `abnt-options2' on page 12 undefined on input line 1028
.


LaTeX Warning: Citation `abnt-options3' on page 12 undefined on input line 1028
.


LaTeX Warning: Citation `abnt-options4' on page 12 undefined on input line 1028
.


LaTeX Warning: Citation `abnt-options5' on page 12 undefined on input line 1028
.


LaTeX Warning: Citation `ABNT-final' on page 12 undefined on input line 1028.


Underfull \hbox (badness 1571) in paragraph at lines 1026--1029
\T1/lmr/m/n/10 (+20) pria lista de re-fe-rên-cias. Exem-plos:
 []


Overfull \hbox (1.41077pt too wide) in paragraph at lines 1013--1039
 [] 
 []


LaTeX Warning: Citation `DOI' on page 12 undefined on input line 1054.


Overfull \hbox (24.96605pt too wide) in paragraph at lines 1050--1076
 [] 
 []

LaTeX Font Info:    Font shape `T1/lmtt/bx/n' in size <12> not available
(Font)              Font shape `T1/lmtt/b/n' tried instead on input line 1079.

LaTeX Warning: Citation `santos1994' on page 12 undefined on input line 1085.



[12]

[13]

[14]

[15]

[16]

[17]

LaTeX Warning: Citation `NBR10520:2001' on page 18 undefined on input line 1148
.


LaTeX Warning: Citation `NBR10520:1988' on page 18 undefined on input line 1149
.


LaTeX Warning: Citation `NBR6023:2000' on page 18 undefined on input line 1160.




[18]

LaTeX Warning: Citation `priberam1998' on page 19 undefined on input line 1189.



LaTeX Warning: Citation `secretaria1999' on page 19 undefined on input line 118
9.


LaTeX Warning: Citation `silva1998' on page 19 undefined on input line 1189.


LaTeX Warning: Citation `ribeiro1998' on page 19 undefined on input line 1189.


LaTeX Warning: Citation `pc1998' on page 19 undefined on input line 1189.


LaTeX Warning: Citation `gsilva1998' on page 19 undefined on input line 1189.


LaTeX Warning: Citation `kelly1996' on page 19 undefined on input line 1189.


LaTeX Warning: Citation `nordeste1998' on page 19 undefined on input line 1189.



LaTeX Warning: Citation `cientifica1996' on page 19 undefined on input line 118
9.


LaTeX Warning: Citation `oliveira1996' on page 19 undefined on input line 1189.



LaTeX Warning: Citation `guncho1998' on page 19 undefined on input line 1189.


LaTeX Warning: Citation `sabroza1998' on page 19 undefined on input line 1189.


LaTeX Warning: Citation `krzyzanowski1996' on page 19 undefined on input line 1
189.


LaTeX Warning: Citation `birds1998' on page 19 undefined on input line 1189.


LaTeX Warning: Citation `bioline1998' on page 19 undefined on input line 1189.


LaTeX Warning: Citation `priberam1998' on page 19 undefined on input line 1189.



LaTeX Warning: Citation `secretaria1999' on page 19 undefined on input line 118
9.


LaTeX Warning: Citation `silva1998' on page 19 undefined on input line 1189.


LaTeX Warning: Citation `ribeiro1998' on page 19 undefined on input line 1189.


LaTeX Warning: Citation `pc1998' on page 19 undefined on input line 1189.


LaTeX Warning: Citation `gsilva1998' on page 19 undefined on input line 1189.


LaTeX Warning: Citation `kelly1996' on page 19 undefined on input line 1189.


LaTeX Warning: Citation `nordeste1998' on page 19 undefined on input line 1189.



LaTeX Warning: Citation `cientifica1996' on page 19 undefined on input line 118
9.


LaTeX Warning: Citation `oliveira1996' on page 19 undefined on input line 1189.



LaTeX Warning: Citation `guncho1998' on page 19 undefined on input line 1189.


LaTeX Warning: Citation `sabroza1998' on page 19 undefined on input line 1189.


LaTeX Warning: Citation `krzyzanowski1996' on page 19 undefined on input line 1
189.


LaTeX Warning: Citation `birds1998' on page 19 undefined on input line 1189.


LaTeX Warning: Citation `bioline1998' on page 19 undefined on input line 1189.

LaTeX Font Info:    Font shape `T1/lmss/m/it' in size <10> not available
(Font)              Font shape `T1/lmss/m/sl' tried instead on input line 1200.


Overfull \hbox (13.89975pt too wide) in paragraph at lines 1193--1208
 [] 
 []


Underfull \hbox (badness 10000) in paragraph at lines 1222--1223
[]\T1/lmtt/m/n/10 book\T1/lmr/m/n/10 (+20) , \T1/lmtt/m/n/10 booklet\T1/lmr/m/n
/10 (+20) ,
 []


Underfull \hbox (badness 10000) in paragraph at lines 1222--1223
\T1/lmtt/m/n/10 inbook\T1/lmr/m/n/10 (+20) ,
 []


Underfull \hbox (badness 10000) in paragraph at lines 1222--1223
\T1/lmtt/m/n/10 incollection\T1/lmr/m/n/10 (+20) ,
 []


Underfull \hbox (badness 10000) in paragraph at lines 1222--1223
\T1/lmtt/m/n/10 inproceedings\T1/lmr/m/n/10 (+20) ,
 []


LaTeX Warning: Citation `gomes1998' on page 19 undefined on input line 1225.


LaTeX Warning: Citation `FUNDAP1994' on page 19 undefined on input line 1225.


LaTeX Warning: Citation `daghalian1995' on page 19 undefined on input line 1225
.


LaTeX Warning: Citation `chueire1994' on page 19 undefined on input line 1225.


LaTeX Warning: Citation `holanda1994' on page 19 undefined on input line 1225.


Underfull \hbox (badness 10000) in paragraph at lines 1227--1227
[]\T1/lmtt/m/n/10 article\T1/lmr/m/n/10 (+20) , \T1/lmtt/m/n/10 book\T1/lmr/m/n
/10 (+20) ,
 []


Underfull \hbox (badness 10000) in paragraph at lines 1227--1227
\T1/lmtt/m/n/10 inproceedings\T1/lmr/m/n/10 (+20) ,
 []


LaTeX Warning: Citation `brasileira1939' on page 19 undefined on input line 123
0.


LaTeX Warning: Citation `paulista1941' on page 19 undefined on input line 1230.



Overfull \hbox (22.5911pt too wide) in paragraph at lines 1220--1233
 [] 
 []


LaTeX Warning: Citation `NBR6023:2000' on page 19 undefined on input line 1246.



LaTeX Warning: Citation `houaiss1996' on page 19 undefined on input line 1246.


LaTeX Warning: Citation `secretaria1989' on page 19 undefined on input line 124
6.


LaTeX Warning: Citation `museu1997' on page 19 undefined on input line 1246.


LaTeX Warning: Citation `moreira1997' on page 19 undefined on input line 1246.


LaTeX Warning: Citation `torelly1991' on page 19 undefined on input line 1246.


LaTeX Warning: Citation `ribeiro1998' on page 19 undefined on input line 1246.


LaTeX Warning: Citation `quimica1997' on page 19 undefined on input line 1246.


LaTeX Warning: Citation `michalany1981' on page 19 undefined on input line 1246
.


LaTeX Warning: Citation `geografico1986' on page 19 undefined on input line 124
6.


LaTeX Warning: Citation `birds1998' on page 19 undefined on input line 1246.


LaTeX Warning: Citation `passos1995' on page 19 undefined on input line 1246.


LaTeX Warning: Citation `albergaria1994' on page 19 undefined on input line 124
6.


LaTeX Warning: Citation `brasileira1988' on page 19 undefined on input line 124
6.


LaTeX Warning: Citation `pastro1993' on page 19 undefined on input line 1246.


LaTeX Warning: Citation `golsalves1971' on page 19 undefined on input line 1246
.


LaTeX Warning: Citation `franco1993' on page 19 undefined on input line 1246.


LaTeX Warning: Citation `araujo1986' on page 19 undefined on input line 1246.


Underfull \hbox (badness 10000) in paragraph at lines 1243--1247
[]\T1/lmr/m/n/10 (+20) subtítulo re-la-tivo ao \T1/lmtt/m/n/10 title\T1/lmr/m/n
/10 (+20) , não
 []


Underfull \hbox (badness 10000) in paragraph at lines 1243--1247
\T1/lmr/m/n/10 (+20) co-lo-que os dois pon-tos que
 []


Underfull \hbox (badness 10000) in paragraph at lines 1243--1247
\T1/lmr/m/n/10 (+20) são ge-ra-dos au-to-má-ti-ca-mente.
 []


Overfull \hbox (37.65753pt too wide) in paragraph at lines 1243--1247
\T1/lmr/m/n/10 (-20) Ex. \T1/lmr/bx/n/10 (-20) ????????????????????????????????
????| 
 []


LaTeX Warning: Citation `romano1996' on page 19 undefined on input line 1249.


LaTeX Warning: Citation `krzyzanowski1996' on page 19 undefined on input line 1
249.


Underfull \hbox (badness 10000) in paragraph at lines 1248--1250
[]\T1/lmr/m/n/10 (+20) subtítulo re-la-tívo ao \T1/lmtt/m/n/10 booktitle\T1/lmr
/m/n/10 (+20) .
 []


LaTeX Warning: Citation `costa1998' on page 19 undefined on input line 1252.


LaTeX Warning: Citation `tourinho1997' on page 19 undefined on input line 1252.



LaTeX Warning: Citation `brasil1966' on page 19 undefined on input line 1252.


LaTeX Warning: Citation `lex1998' on page 19 undefined on input line 1252.


LaTeX Warning: Citation `lex1943' on page 19 undefined on input line 1252.


LaTeX Warning: Citation `brasillex1998' on page 19 undefined on input line 1252
.


LaTeX Warning: Citation `tribunal1998' on page 19 undefined on input line 1252.



Underfull \hbox (badness 4072) in paragraph at lines 1251--1254
[]\T1/lmr/m/n/10 (+20) formata a se-ção de um \T1/lmtt/m/n/10 article\T1/lmr/m/
n/10 (+20) .
 []


Overfull \hbox (28.52737pt too wide) in paragraph at lines 1241--1256
 [] 
 []


LaTeX Warning: Citation `NBR6023:2000' on page 19 undefined on input line 1267.



LaTeX Warning: Citation `romano1996' on page 19 undefined on input line 1270.


LaTeX Warning: Citation `ferreira1991' on page 19 undefined on input line 1270.



LaTeX Warning: Citation `marcondes1993' on page 19 undefined on input line 1270
.


LaTeX Warning: Citation `lujan1993' on page 19 undefined on input line 1270.


LaTeX Warning: Citation `golsalves1971' on page 19 undefined on input line 1270
.


LaTeX Warning: Citation `rego1991' on page 19 undefined on input line 1270.


LaTeX Warning: Citation `houaiss1996' on page 19 undefined on input line 1271.


LaTeX Warning: Citation `moore1960' on page 19 undefined on input line 1271.


Underfull \hbox (badness 7203) in paragraph at lines 1265--1271
[]\T1/lmr/m/n/10 (+20) altera o tipo de edi-tor (pa-drão
 []


Underfull \hbox (badness 1681) in paragraph at lines 1265--1271
\T1/lmr/m/it/10 (+20) É res-pon-sa-bi-li-dade do usuá-rio usar
 []


LaTeX Warning: Citation `NBR6023:2000' on page 19 undefined on input line 1274.



LaTeX Warning: Citation `NBR6023:2000' on page 19 undefined on input line 1276.



LaTeX Warning: Citation `houaiss1996' on page 19 undefined on input line 1278.


LaTeX Warning: Citation `koogan1998' on page 19 undefined on input line 1278.


LaTeX Warning: Citation `brasil1995' on page 19 undefined on input line 1278.


LaTeX Warning: Citation `lujan1993' on page 19 undefined on input line 1278.


LaTeX Warning: Citation `alighieri1983' on page 19 undefined on input line 1278
.


LaTeX Warning: Citation `gomes1995' on page 19 undefined on input line 1278.


LaTeX Warning: Citation `albergaria1994' on page 19 undefined on input line 127
8.


LaTeX Warning: Citation `golsalves1971' on page 19 undefined on input line 1278
.


LaTeX Warning: Citation `swokowski1994' on page 19 undefined on input line 1278
.


LaTeX Warning: Citation `batista1992' on page 19 undefined on input line 1278.


LaTeX Warning: Citation `chueire1994' on page 19 undefined on input line 1278.


LaTeX Warning: Citation `rodrigues1994' on page 19 undefined on input line 1278
.


LaTeX Warning: Citation `carruth1993' on page 19 undefined on input line 1278.


LaTeX Warning: Citation `saadi1994' on page 19 undefined on input line 1278.


LaTeX Warning: Citation `mandino1994' on page 19 undefined on input line 1278.


Underfull \hbox (badness 5446) in paragraph at lines 1272--1278
\T1/lmr/m/n/10 (+20) ao ítem \T1/lmr/bx/n/10 (+20) 8.1.1.7\T1/lmr/m/n/10 (+20) 
(\T1/lmr/bx/n/10 (+20) ??\T1/lmr/m/n/10 (+20) ). \T1/lmr/m/it/10 (+20) É res-po
n-sa-
 []


Underfull \hbox (badness 1342) in paragraph at lines 1272--1278
\T1/lmr/m/it/10 (+20) bi-li-dade do usuá-rio co-lo-car isso na
 []


Overfull \hbox (5.72623pt too wide) in paragraph at lines 1272--1278
\T1/lmr/m/n/10 (-20) Ex. \T1/lmr/bx/n/10 (-20) ??????????????????????????????| 

 []


Overfull \hbox (23.27739pt too wide) in paragraph at lines 1263--1285
 [] 
 []


LaTeX Warning: Citation `NBR6023:2000' on page 19 undefined on input line 1295.



LaTeX Warning: Citation `gomes1998' on page 19 undefined on input line 1299.


LaTeX Warning: Citation `daghalian1995' on page 19 undefined on input line 1299
.


LaTeX Warning: Citation `chueire1994' on page 19 undefined on input line 1299.


LaTeX Warning: Citation `duran1993' on page 19 undefined on input line 1299.


LaTeX Warning: Citation `chemello1993' on page 19 undefined on input line 1299.



LaTeX Warning: Citation `arbex1993' on page 19 undefined on input line 1299.


LaTeX Warning: Citation `carvalho1994' on page 19 undefined on input line 1299.



LaTeX Warning: Citation `miglori1993' on page 19 undefined on input line 1299.


LaTeX Warning: Citation `rodrigues1994' on page 19 undefined on input line 1299
.


LaTeX Warning: Citation `saadi1994' on page 19 undefined on input line 1299.


LaTeX Warning: Citation `tringali1994' on page 19 undefined on input line 1299.



Underfull \hbox (badness 1540) in paragraph at lines 1294--1300
\T1/lmr/m/it/10 (+20) É res-pon-sa-bi-li-dade do usuá-rio co-lo-
 []


LaTeX Warning: Citation `folha1995' on page 19 undefined on input line 1307.


LaTeX Warning: Citation `daghalian1995' on page 19 undefined on input line 1307
.


LaTeX Warning: Citation `cesar1994' on page 19 undefined on input line 1307.


LaTeX Warning: Citation `azevedo1994' on page 19 undefined on input line 1307.


LaTeX Warning: Citation `batista1992' on page 19 undefined on input line 1307.


LaTeX Warning: Citation `chueire1994' on page 19 undefined on input line 1307.


LaTeX Warning: Citation `arbex1993' on page 19 undefined on input line 1307.


LaTeX Warning: Citation `saadi1994' on page 19 undefined on input line 1307.


LaTeX Warning: Citation `holanda1994' on page 19 undefined on input line 1307.


Underfull \hbox (badness 1917) in paragraph at lines 1301--1308
[]\T1/lmr/m/n/10 (+20) indica as ilus-tra-ções. Se for va-zio,
 []


Underfull \hbox (badness 1424) in paragraph at lines 1301--1308
\T1/lmr/m/n/10 (+20) o que es-ti-ver neste campo. \T1/lmr/m/it/10 (+20) É res-
 []


Underfull \hbox (badness 1072) in paragraph at lines 1301--1308
\T1/lmr/m/it/10 (+20) ma-tos cor-re-tos: ``il. co-lor.'', ``prin-ci-
 []


LaTeX Warning: Citation `NBR6023:2000' on page 19 undefined on input line 1312.



LaTeX Warning: Citation `barcelos1998' on page 19 undefined on input line 1315.



LaTeX Warning: Citation `libris1981' on page 19 undefined on input line 1315.


LaTeX Warning: Citation `tabak1993' on page 19 undefined on input line 1315.


LaTeX Warning: Citation `levi1997' on page 19 undefined on input line 1315.


LaTeX Warning: Citation `abnt-options0' on page 19 undefined on input line 1371
.


LaTeX Warning: Citation `ABNT-barcelos0' on page 19 undefined on input line 137
1.


LaTeX Warning: Citation `ABNT-barcelos1' on page 19 undefined on input line 137
1.


LaTeX Warning: Citation `fraipont1998:begin' on page 19 undefined on input line
 1371.


LaTeX Warning: Citation `fraipont1998:end' on page 19 undefined on input line 1
371.


LaTeX Warning: Citation `abnt-options1' on page 19 undefined on input line 1371
.


LaTeX Warning: Citation `abnt-options2' on page 19 undefined on input line 1371
.


LaTeX Warning: Citation `abnt-options3' on page 19 undefined on input line 1371
.


LaTeX Warning: Citation `abnt-options4' on page 19 undefined on input line 1371
.


LaTeX Warning: Citation `abnt-options5' on page 19 undefined on input line 1371
.



[19]

[20]

[21]

[22]

LaTeX Warning: Citation `abntex2cite-alf' on page 23 undefined on input line 13
78.


LaTeX Warning: Marginpar on page 23 moved.


LaTeX Warning: Marginpar on page 23 moved.


LaTeX Warning: Citation `fgv1984' on page 23 undefined on input line 1393.


LaTeX Warning: Citation `ibge1983' on page 23 undefined on input line 1393.


LaTeX Warning: Citation `tres2000' on page 23 undefined on input line 1393.


LaTeX Warning: Citation `febab1973' on page 23 undefined on input line 1393.


LaTeX Warning: Citation `boletim1965' on page 23 undefined on input line 1393.


LaTeX Warning: Citation `grafica1985' on page 23 undefined on input line 1393.


LaTeX Warning: Citation `industria1957' on page 23 undefined on input line 1393
.


LaTeX Warning: Citation `morgado1990' on page 23 undefined on input line 1404.


LaTeX Warning: Citation `morgadob1990' on page 23 undefined on input line 1404.



LaTeX Warning: Citation `morgadoc1990' on page 23 undefined on input line 1404.



LaTeX Warning: Citation `cruvinel1989' on page 23 undefined on input line 1410.


No file abntex2cite.bbl.


[23]

LaTeX Warning: Citation `alighieri1983' on page 24 undefined on input line 1448
.


LaTeX Warning: Citation `NBR6023:2000' on page 24 undefined on input line 1450.



LaTeX Warning: Citation `NBR6023:2000' on page 24 undefined on input line 1459.



LaTeX Warning: Citation `gomes1998' on page 24 undefined on input line 1467.


LaTeX Warning: Citation `FUNDAP1994' on page 24 undefined on input line 1467.


LaTeX Warning: Citation `gomes1998' on page 24 undefined on input line 1469.


LaTeX Warning: Citation `FUNDAP1994' on page 24 undefined on input line 1469.


LaTeX Warning: Citation `gomes1998' on page 24 undefined on input line 1472.


LaTeX Warning: Citation `FUNDAP1994' on page 24 undefined on input line 1472.


LaTeX Warning: Citation `houaiss1996' on page 24 undefined on input line 1472.


LaTeX Warning: Citation `folha1995' on page 24 undefined on input line 1472.


LaTeX Warning: Citation `torelly1991' on page 24 undefined on input line 1472.


LaTeX Warning: Citation `barcelos1998' on page 24 undefined on input line 1473.



LaTeX Warning: Citation `IBICT1993' on page 24 undefined on input line 1474.


LaTeX Warning: Citation `secretaria1989' on page 24 undefined on input line 147
5.


LaTeX Warning: Citation `museu1997' on page 24 undefined on input line 1475.


LaTeX Warning: Citation `moreira1997' on page 24 undefined on input line 1475.


LaTeX Warning: Citation `barcelos1998' on page 24 undefined on input line 1481.



LaTeX Warning: Citation `NBR6023:2000' on page 24 undefined on input line 1485.



LaTeX Warning: Citation `romano1996' on page 24 undefined on input line 1490.


LaTeX Warning: Citation `romano1996' on page 24 undefined on input line 1495.


LaTeX Warning: Citation `rego1991' on page 24 undefined on input line 1495.


LaTeX Warning: Citation `santos1994' on page 24 undefined on input line 1496.


LaTeX Warning: Citation `romano1996' on page 24 undefined on input line 1500.


LaTeX Warning: Citation `NBR6023:2000' on page 24 undefined on input line 1505.




[24]

LaTeX Warning: Citation `redes1995' on page 25 undefined on input line 1544.


LaTeX Warning: Citation `chemical1984' on page 25 undefined on input line 1544.



LaTeX Warning: Citation `quimica1997' on page 25 undefined on input line 1544.


LaTeX Warning: Citation `cientifica1996' on page 25 undefined on input line 154
4.


LaTeX Warning: Citation `biblioteconomia1979' on page 25 undefined on input lin
e 1544.


LaTeX Warning: Citation `martin1997' on page 25 undefined on input line 1545.


LaTeX Warning: Citation `brayner1994' on page 25 undefined on input line 1545.


LaTeX Warning: Citation `souza1994' on page 25 undefined on input line 1545.


LaTeX Warning: Citation `oliveira1996' on page 25 undefined on input line 1545.



LaTeX Warning: Citation `guncho1998' on page 25 undefined on input line 1545.


LaTeX Warning: Citation `sabroza1998' on page 25 undefined on input line 1545.


LaTeX Warning: Citation `krzyzanowski1996' on page 25 undefined on input line 1
545.


LaTeX Warning: Citation `NBR6023:2000' on page 25 undefined on input line 1551.



LaTeX Warning: Citation `alves1995' on page 25 undefined on input line 1555.


LaTeX Warning: Citation `dami1995' on page 25 undefined on input line 1555.


LaTeX Warning: Citation `alves1995' on page 25 undefined on input line 1556.


LaTeX Warning: Citation `dami1995' on page 25 undefined on input line 1556.


LaTeX Warning: Citation `passos1995' on page 25 undefined on input line 1556.


LaTeX Warning: Citation `alves1995' on page 25 undefined on input line 1563.


LaTeX Warning: Citation `lazzarini1994' on page 25 undefined on input line 1576
.


LaTeX Warning: Citation `cretella1992' on page 25 undefined on input line 1576.



LaTeX Warning: Citation `martin1997' on page 25 undefined on input line 1576.


LaTeX Warning: Citation `tourinho1997' on page 25 undefined on input line 1576.



LaTeX Warning: Citation `sabroza1998' on page 25 undefined on input line 1576.



[25]

LaTeX Warning: Citation `NBR6023:2000' on page 26 undefined on input line 1580.



LaTeX Warning: Citation `ribeiro1998' on page 26 undefined on input line 1588.


LaTeX Warning: Citation `houaiss1996' on page 26 undefined on input line 1590.


LaTeX Warning: Citation `torelly1991' on page 26 undefined on input line 1590.


LaTeX Warning: Citation `michalany1981' on page 26 undefined on input line 1590
.


LaTeX Warning: Citation `passos1995' on page 26 undefined on input line 1590.


LaTeX Warning: Citation `pastro1993' on page 26 undefined on input line 1590.


LaTeX Warning: Citation `franco1993' on page 26 undefined on input line 1590.


LaTeX Warning: Citation `romano1996' on page 26 undefined on input line 1591.


LaTeX Warning: Citation `NBR6023:2000' on page 26 undefined on input line 1592.



LaTeX Warning: Citation `secretaria1989' on page 26 undefined on input line 159
2.


LaTeX Warning: Citation `museu1997' on page 26 undefined on input line 1592.


LaTeX Warning: Citation `moreira1997' on page 26 undefined on input line 1592.


LaTeX Warning: Citation `geografico1986' on page 26 undefined on input line 159
2.


LaTeX Warning: Citation `brasileira1988' on page 26 undefined on input line 159
2.


LaTeX Warning: Citation `araujo1986' on page 26 undefined on input line 1593.


LaTeX Warning: Citation `birds1998' on page 26 undefined on input line 1594.


Overfull \hbox (45.7114pt too wide) in paragraph at lines 1587--1595
[]\T1/lmr/m/n/10 (-20) Exemplos: \T1/lmtt/m/n/10 article\T1/lmr/m/n/10 (-20) (\
T1/lmr/bx/n/10 (-20) ??\T1/lmr/m/n/10 (-20) ) \T1/lmtt/m/n/10 book \T1/lmr/m/n/
10 (-20) (\T1/lmr/bx/n/10 (-20) ????????????\T1/lmr/m/n/10 (-20) ) \T1/lmtt/m/n
/10 incollection\T1/lmr/m/n/10 (-20) (\T1/lmr/bx/n/10 (-20) ??\T1/lmr/m/n/10 (-
20) ) \T1/lmtt/m/n/10 manual\T1/lmr/m/n/10 (-20) (\T1/lmr/bx/n/10 (-20) ???????
?????\T1/lmr/m/n/10 (-20) )
 []


LaTeX Warning: Citation `NBR6023:2000' on page 26 undefined on input line 1610.



LaTeX Warning: Citation `NBR6023:2000' on page 26 undefined on input line 1616.



LaTeX Warning: Citation `NBR6023:2000' on page 26 undefined on input line 1622.



LaTeX Warning: Citation `franco1993' on page 26 undefined on input line 1632.


LaTeX Warning: Citation `libris1981' on page 26 undefined on input line 1633.


LaTeX Warning: Citation `krieger1992' on page 26 undefined on input line 1633.


LaTeX Warning: Citation `alves1993' on page 26 undefined on input line 1634.


LaTeX Warning: Citation `NBR6023:2000' on page 26 undefined on input line 1639.



LaTeX Warning: Citation `morgado1990' on page 26 undefined on input line 1646.


LaTeX Warning: Citation `araujo1986' on page 26 undefined on input line 1646.


LaTeX Warning: Citation `morgadob1990' on page 26 undefined on input line 1646.



LaTeX Warning: Citation `morgadoc1990' on page 26 undefined on input line 1646.




[26]

LaTeX Warning: Citation `morgado1990' on page 27 undefined on input line 1650.


LaTeX Warning: Citation `araujo1986' on page 27 undefined on input line 1650.


LaTeX Warning: Citation `araujo1986' on page 27 undefined on input line 1652.


LaTeX Warning: Citation `NBR6023:2000' on page 27 undefined on input line 1666.



LaTeX Warning: Citation `Sun99' on page 27 undefined on input line 1668.


LaTeX Warning: Citation `Creci99' on page 27 undefined on input line 1668.


LaTeX Warning: Citation `Subramaniam98' on page 27 undefined on input line 1668
.


LaTeX Warning: Citation `Deng00' on page 27 undefined on input line 1668.


LaTeX Warning: Citation `Eiter99:HAA' on page 27 undefined on input line 1668.


LaTeX Warning: Citation `Inverno97:Formalisms' on page 27 undefined on input li
ne 1668.


LaTeX Warning: Citation `Tsen86' on page 27 undefined on input line 1668.


Overfull \hbox (3.3745pt too wide) in paragraph at lines 1667--1669
[]\T1/lmr/bx/n/10 (-20) ??????????????| 
 []


LaTeX Warning: Citation `costa1998' on page 27 undefined on input line 1674.


LaTeX Warning: Citation `gurgel1997' on page 27 undefined on input line 1674.


LaTeX Warning: Citation `tourinho1997' on page 27 undefined on input line 1674.



LaTeX Warning: Citation `mansilla1998' on page 27 undefined on input line 1674.



LaTeX Warning: Citation `aldus1997' on page 27 undefined on input line 1674.


LaTeX Warning: Citation `naves1999' on page 27 undefined on input line 1674.


LaTeX Warning: Citation `leal1999' on page 27 undefined on input line 1674.


LaTeX Warning: Citation `silva1998' on page 27 undefined on input line 1674.


LaTeX Warning: Citation `ribeiro1998' on page 27 undefined on input line 1674.


LaTeX Warning: Citation `pc1998' on page 27 undefined on input line 1674.


LaTeX Warning: Citation `gsilva1998' on page 27 undefined on input line 1674.


LaTeX Warning: Citation `kelly1996' on page 27 undefined on input line 1674.


LaTeX Warning: Citation `nordeste1998' on page 27 undefined on input line 1674.



LaTeX Warning: Citation `brasil1966' on page 27 undefined on input line 1674.


LaTeX Warning: Citation `brasil1997' on page 27 undefined on input line 1674.


LaTeX Warning: Citation `lex1998' on page 27 undefined on input line 1674.


LaTeX Warning: Citation `leis1991' on page 27 undefined on input line 1674.


LaTeX Warning: Citation `lex1943' on page 27 undefined on input line 1674.


LaTeX Warning: Citation `brasillex1998' on page 27 undefined on input line 1674
.


LaTeX Warning: Citation `tribunal1998' on page 27 undefined on input line 1674.



LaTeX Warning: Citation `barros1995' on page 27 undefined on input line 1674.


LaTeX Warning: Citation `brasil1999' on page 27 undefined on input line 1674.


LaTeX Warning: Citation `supremo1998' on page 27 undefined on input line 1674.


LaTeX Warning: Citation `fraipont1998' on page 27 undefined on input line 1674.



LaTeX Warning: Citation `leitao1989' on page 27 undefined on input line 1674.


LaTeX Warning: Citation `schaum1956' on page 27 undefined on input line 1674.


LaTeX Warning: Citation `alcarde1996' on page 27 undefined on input line 1674.


LaTeX Warning: Citation `benetton1993' on page 27 undefined on input line 1674.



LaTeX Warning: Citation `figueirde1996' on page 27 undefined on input line 1674
.


LaTeX Warning: Citation `duran1993' on page 27 undefined on input line 1674.


LaTeX Warning: Citation `chemello1993' on page 27 undefined on input line 1674.



LaTeX Warning: Citation `marins1991' on page 27 undefined on input line 1674.


Overfull \hbox (144.1535pt too wide) in paragraph at lines 1669--1674
[]\T1/lmr/bx/n/10 (-20) ???????????????????????????????????????????????????????
?????????\T1/lmr/m/n/10 (-20) .| 
 []


LaTeX Warning: Citation `Koneman99' on page 27 undefined on input line 1675.


LaTeX Warning: Citation `Ferber95:SMA' on page 27 undefined on input line 1675.



LaTeX Warning: Citation `Cardona82' on page 27 undefined on input line 1675.


LaTeX Warning: Citation `gomes1998' on page 27 undefined on input line 1684.


LaTeX Warning: Citation `FUNDAP1994' on page 27 undefined on input line 1684.


LaTeX Warning: Citation `houaiss1996' on page 27 undefined on input line 1684.


LaTeX Warning: Citation `folha1995' on page 27 undefined on input line 1684.


LaTeX Warning: Citation `torelly1991' on page 27 undefined on input line 1684.


LaTeX Warning: Citation `koogan1998' on page 27 undefined on input line 1684.


LaTeX Warning: Citation `brasileira1939' on page 27 undefined on input line 168
4.


LaTeX Warning: Citation `geografico1943' on page 27 undefined on input line 168
4.


LaTeX Warning: Citation `paulista1941' on page 27 undefined on input line 1684.



LaTeX Warning: Citation `brasil1988' on page 27 undefined on input line 1684.


LaTeX Warning: Citation `brasil1995' on page 27 undefined on input line 1684.


LaTeX Warning: Citation `ceravi1983' on page 27 undefined on input line 1684.


LaTeX Warning: Citation `riofilme1998' on page 27 undefined on input line 1684.



LaTeX Warning: Citation `warner1991' on page 27 undefined on input line 1684.


LaTeX Warning: Citation `britanica1981' on page 27 undefined on input line 1684
.


LaTeX Warning: Citation `michalany1981' on page 27 undefined on input line 1684
.


LaTeX Warning: Citation `alves1995' on page 27 undefined on input line 1684.


LaTeX Warning: Citation `dami1995' on page 27 undefined on input line 1684.


LaTeX Warning: Citation `passos1995' on page 27 undefined on input line 1684.


LaTeX Warning: Citation `urani1994' on page 27 undefined on input line 1684.


LaTeX Warning: Citation `ferreira1991' on page 27 undefined on input line 1684.



LaTeX Warning: Citation `marcondes1993' on page 27 undefined on input line 1684
.


LaTeX Warning: Citation `moore1960' on page 27 undefined on input line 1684.


LaTeX Warning: Citation `lujan1993' on page 27 undefined on input line 1684.


LaTeX Warning: Citation `brasileira1993' on page 27 undefined on input line 168
4.


LaTeX Warning: Citation `diniz1994' on page 27 undefined on input line 1684.


LaTeX Warning: Citation `alighieri1983' on page 27 undefined on input line 1684
.


LaTeX Warning: Citation `gomes1995' on page 27 undefined on input line 1684.


LaTeX Warning: Citation `albergaria1994' on page 27 undefined on input line 168
4.


LaTeX Warning: Citation `pastro1993' on page 27 undefined on input line 1684.


LaTeX Warning: Citation `golsalves1971' on page 27 undefined on input line 1684
.


LaTeX Warning: Citation `pedrosa1995' on page 27 undefined on input line 1684.


LaTeX Warning: Citation `francca1996' on page 27 undefined on input line 1684.


LaTeX Warning: Citation `zani1995' on page 27 undefined on input line 1684.


LaTeX Warning: Citation `swokowski1994' on page 27 undefined on input line 1684
.


LaTeX Warning: Citation `lazzarini1994' on page 27 undefined on input line 1684
.


LaTeX Warning: Citation `libris1981' on page 27 undefined on input line 1684.


LaTeX Warning: Citation `krieger1992' on page 27 undefined on input line 1684.


LaTeX Warning: Citation `daghalian1995' on page 27 undefined on input line 1684
.


LaTeX Warning: Citation `maia1995' on page 27 undefined on input line 1684.


LaTeX Warning: Citation `lima1985' on page 27 undefined on input line 1684.


LaTeX Warning: Citation `figueiredo1990' on page 27 undefined on input line 168
4.


LaTeX Warning: Citation `franco1993' on page 27 undefined on input line 1684.


LaTeX Warning: Citation `alves1993' on page 27 undefined on input line 1684.


LaTeX Warning: Citation `leite1994' on page 27 undefined on input line 1684.


LaTeX Warning: Citation `cipolla1993' on page 27 undefined on input line 1684.


LaTeX Warning: Citation `florenzano1993' on page 27 undefined on input line 168
4.


LaTeX Warning: Citation `biblica1970' on page 27 undefined on input line 1684.


LaTeX Warning: Citation `ruch1926' on page 27 undefined on input line 1684.


LaTeX Warning: Citation `lucci1994' on page 27 undefined on input line 1684.


LaTeX Warning: Citation `felipe1994' on page 27 undefined on input line 1684.


LaTeX Warning: Citation `lellis1994' on page 27 undefined on input line 1684.


LaTeX Warning: Citation `piaget1980' on page 27 undefined on input line 1684.


LaTeX Warning: Citation `tabak1993' on page 27 undefined on input line 1684.


LaTeX Warning: Citation `tourinho1994' on page 27 undefined on input line 1684.



LaTeX Warning: Citation `silva1996' on page 27 undefined on input line 1684.


LaTeX Warning: Citation `marques1993' on page 27 undefined on input line 1684.


LaTeX Warning: Citation `tamandare1993' on page 27 undefined on input line 1684
.


LaTeX Warning: Citation `cesar1994' on page 27 undefined on input line 1684.


LaTeX Warning: Citation `azevedo1994' on page 27 undefined on input line 1684.


LaTeX Warning: Citation `batista1992' on page 27 undefined on input line 1684.


LaTeX Warning: Citation `chueire1994' on page 27 undefined on input line 1684.


LaTeX Warning: Citation `arbex1993' on page 27 undefined on input line 1684.


LaTeX Warning: Citation `carvalho1994' on page 27 undefined on input line 1684.



LaTeX Warning: Citation `miglori1993' on page 27 undefined on input line 1684.


LaTeX Warning: Citation `amaral1994' on page 27 undefined on input line 1684.


LaTeX Warning: Citation `rodrigues1994' on page 27 undefined on input line 1684
.


LaTeX Warning: Citation `carruth1993' on page 27 undefined on input line 1684.


LaTeX Warning: Citation `saadi1994' on page 27 undefined on input line 1684.


LaTeX Warning: Citation `mandino1994' on page 27 undefined on input line 1684.


LaTeX Warning: Citation `laurenti1978' on page 27 undefined on input line 1684.



LaTeX Warning: Citation `holanda1994' on page 27 undefined on input line 1684.


LaTeX Warning: Citation `pelosi1993' on page 27 undefined on input line 1684.


LaTeX Warning: Citation `tringali1994' on page 27 undefined on input line 1684.



LaTeX Warning: Citation `cardim1984' on page 27 undefined on input line 1684.


LaTeX Warning: Citation `cretella1992' on page 27 undefined on input line 1684.



LaTeX Warning: Citation `freyre1943' on page 27 undefined on input line 1684.


LaTeX Warning: Citation `freyre1936' on page 27 undefined on input line 1684.


LaTeX Warning: Citation `freyreg1936' on page 27 undefined on input line 1684.


LaTeX Warning: Citation `freyre1938' on page 27 undefined on input line 1684.


Overfull \hbox (652.33218pt too wide) in paragraph at lines 1676--1685
[]\T1/lmr/bx/n/10 (-20) ???????????????????????????????????????????????????????
???????????????????????????????????????????????????????????????????????????????
??????????????????????????| 
 []


LaTeX Warning: Citation `IBICT1993' on page 27 undefined on input line 1686.


LaTeX Warning: Citation `boletime1965' on page 27 undefined on input line 1686.



LaTeX Warning: Citation `santos1994' on page 27 undefined on input line 1687.


LaTeX Warning: Citation `priberam1998' on page 27 undefined on input line 1687.



LaTeX Warning: Citation `brasil1994' on page 27 undefined on input line 1687.


LaTeX Warning: Citation `alcionet1988' on page 27 undefined on input line 1687.



LaTeX Warning: Citation `simonej1977' on page 27 undefined on input line 1687.


LaTeX Warning: Citation `Jennings98:Applications' on page 27 undefined on input
 line 1688.


LaTeX Warning: Citation `romano1996' on page 27 undefined on input line 1689.


LaTeX Warning: Citation `rego1991' on page 27 undefined on input line 1689.


LaTeX Warning: Citation `makau1962' on page 27 undefined on input line 1689.


LaTeX Warning: Citation `lion1981' on page 27 undefined on input line 1689.


LaTeX Warning: Citation `Valiant95:Rationality' on page 27 undefined on input l
ine 1690.


LaTeX Warning: Citation `Chiao00' on page 27 undefined on input line 1690.


LaTeX Warning: Citation `martin1997' on page 27 undefined on input line 1692.


LaTeX Warning: Citation `brayner1994' on page 27 undefined on input line 1692.


LaTeX Warning: Citation `souza1994' on page 27 undefined on input line 1692.


LaTeX Warning: Citation `oliveira1996' on page 27 undefined on input line 1692.



LaTeX Warning: Citation `guncho1998' on page 27 undefined on input line 1692.


LaTeX Warning: Citation `sabroza1998' on page 27 undefined on input line 1692.


LaTeX Warning: Citation `krzyzanowski1996' on page 27 undefined on input line 1
692.


LaTeX Warning: Citation `fgv1984' on page 27 undefined on input line 1693.


LaTeX Warning: Citation `ibge1983' on page 27 undefined on input line 1693.


LaTeX Warning: Citation `tres2000' on page 27 undefined on input line 1693.


LaTeX Warning: Citation `febab1973' on page 27 undefined on input line 1693.


LaTeX Warning: Citation `boletim1965' on page 27 undefined on input line 1693.


LaTeX Warning: Citation `grafica1985' on page 27 undefined on input line 1693.


LaTeX Warning: Citation `industria1957' on page 27 undefined on input line 1693
.


LaTeX Warning: Citation `Bumgardner97:Syd' on page 27 undefined on input line 1
694.


LaTeX Warning: Citation `secretaria1989' on page 27 undefined on input line 169
6.


LaTeX Warning: Citation `museu1997' on page 27 undefined on input line 1696.


LaTeX Warning: Citation `moreira1997' on page 27 undefined on input line 1696.


LaTeX Warning: Citation `geografico1994' on page 27 undefined on input line 169
6.


LaTeX Warning: Citation `geografico1986' on page 27 undefined on input line 169
6.


LaTeX Warning: Citation `brasileira1988' on page 27 undefined on input line 169
6.


LaTeX Warning: Citation `universidade1993' on page 27 undefined on input line 1
696.


LaTeX Warning: Citation `secretaria1993' on page 27 undefined on input line 169
6.


LaTeX Warning: Citation `francco1996' on page 27 undefined on input line 1696.


LaTeX Warning: Citation `vicosa1994' on page 27 undefined on input line 1696.


LaTeX Warning: Citation `araujo1986' on page 27 undefined on input line 1697.


LaTeX Warning: Citation `cruvinel1989' on page 27 undefined on input line 1701.



LaTeX Warning: Citation `kobayashi1998' on page 27 undefined on input line 1701
.


LaTeX Warning: Citation `ceravi1985' on page 27 undefined on input line 1701.


LaTeX Warning: Citation `souza1985' on page 27 undefined on input line 1701.


LaTeX Warning: Citation `samu1977' on page 27 undefined on input line 1701.


LaTeX Warning: Citation `mattos1987' on page 27 undefined on input line 1701.


LaTeX Warning: Citation `vaso1999' on page 27 undefined on input line 1701.


LaTeX Warning: Citation `levi1997' on page 27 undefined on input line 1701.


LaTeX Warning: Citation `datum1996' on page 27 undefined on input line 1701.


LaTeX Warning: Citation `espaciais1987' on page 27 undefined on input line 1701
.


LaTeX Warning: Citation `univali1999' on page 27 undefined on input line 1701.


LaTeX Warning: Citation `globo1995' on page 27 undefined on input line 1701.


LaTeX Warning: Citation `alcione1988' on page 27 undefined on input line 1701.


LaTeX Warning: Citation `silva1991' on page 27 undefined on input line 1701.


LaTeX Warning: Citation `fagner1988' on page 27 undefined on input line 1701.


LaTeX Warning: Citation `simone1977' on page 27 undefined on input line 1701.


LaTeX Warning: Citation `bart1952' on page 27 undefined on input line 1701.


LaTeX Warning: Citation `gallet1851' on page 27 undefined on input line 1701.


LaTeX Warning: Citation `villa1916' on page 27 undefined on input line 1701.


LaTeX Warning: Citation `duchamp1918' on page 27 undefined on input line 1701.


LaTeX Warning: Citation `europa0000' on page 27 undefined on input line 1701.


LaTeX Warning: Citation `indias0000' on page 27 undefined on input line 1701.


LaTeX Warning: Citation `birds1998' on page 27 undefined on input line 1701.


LaTeX Warning: Citation `tropical1998' on page 27 undefined on input line 1701.



LaTeX Warning: Citation `bioline1998' on page 27 undefined on input line 1701.


LaTeX Warning: Citation `drummond1998' on page 27 undefined on input line 1701.



LaTeX Warning: Citation `coordena1995' on page 27 undefined on input line 1701.



LaTeX Warning: Citation `marinho1995' on page 27 undefined on input line 1701.


LaTeX Warning: Citation `cassiano1998' on page 27 undefined on input line 1701.



LaTeX Warning: Citation `parana1998' on page 27 undefined on input line 1701.


LaTeX Warning: Citation `parana1997' on page 27 undefined on input line 1701.


LaTeX Warning: Citation `microsoft1995' on page 27 undefined on input line 1701
.


LaTeX Warning: Citation `mpc1993' on page 27 undefined on input line 1701.


LaTeX Warning: Citation `sony1990' on page 27 undefined on input line 1701.


LaTeX Warning: Citation `accioly2000' on page 27 undefined on input line 1701.


Overfull \hbox (173.36261pt too wide) in paragraph at lines 1698--1702
[]\T1/lmr/bx/n/10 (-20) ???????????????????????????????????????????????????????
???????????????| 
 []


LaTeX Warning: Citation `redes1995' on page 27 undefined on input line 1703.


LaTeX Warning: Citation `chemical1984' on page 27 undefined on input line 1703.



LaTeX Warning: Citation `quimica1997' on page 27 undefined on input line 1703.


LaTeX Warning: Citation `cientifica1996' on page 27 undefined on input line 170
3.


LaTeX Warning: Citation `biblioteconomia1979' on page 27 undefined on input lin
e 1703.


LaTeX Warning: Citation `malagrino1985' on page 27 undefined on input line 1703
.


LaTeX Warning: Citation `Giraffa:1999' on page 27 undefined on input line 1705.



LaTeX Warning: Citation `barcelos1998' on page 27 undefined on input line 1705.



LaTeX Warning: Citation `Singh91:Intentions' on page 27 undefined on input line
 1706.


LaTeX Warning: Citation `justica1993' on page 27 undefined on input line 1707.


LaTeX Warning: Citation `biblioteca1985' on page 27 undefined on input line 170
7.


LaTeX Warning: Citation `biblioteca1983' on page 27 undefined on input line 170
7.


LaTeX Warning: Citation `Mccarthy92:Elephant' on page 27 undefined on input lin
e 1708.


Overfull \hbox (19.55098pt too wide) in paragraph at lines 1665--1710
 [] 
 []



[27] (./abntex2cite.aux)
 ***********
LaTeX2e <2024-06-01> patch level 2
L3 programming layer <2024-09-10>
 ***********


LaTeX Warning: There were undefined references.


LaTeX Warning: Label(s) may have changed. Rerun to get cross-references right.

Package rerunfilecheck Info: File `abntex2cite.out' has not changed.
(rerunfilecheck)             Checksum: 63C6D5F9E3BBBF8EF7F6DDBB13074CC4;14254.
Package rerunfilecheck Info: File `abntex2cite.hd' has not changed.
(rerunfilecheck)             Checksum: D41D8CD98F00B204E9800998ECF8427E;0.
 ) 
Here is how much of TeX's memory you used:
 17984 strings out of 473579
 289545 string characters out of 5721192
 975657 words of memory out of 5000000
 40093 multiletter control sequences out of 15000+600000
 683107 words of font info for 248 fonts, out of 8000000 for 9000
 1141 hyphenation exceptions out of 8191
 110i,13n,122p,1008b,2291s stack positions out of 10000i,1000n,20000p,200000b,200000s

pdfTeX warning (dest): name{Hfootnote.9} has been referenced but does not exist
, replaced by a fixed one


pdfTeX warning (dest): name{Hfootnote.8} has been referenced but does not exist
, replaced by a fixed one


pdfTeX warning (dest): name{Hfootnote.7} has been referenced but does not exist
, replaced by a fixed one


pdfTeX warning (dest): name{Hfootnote.6} has been referenced but does not exist
, replaced by a fixed one


pdfTeX warning (dest): name{Hfootnote.5} has been referenced but does not exist
, replaced by a fixed one


pdfTeX warning (dest): name{Hfootnote.4} has been referenced but does not exist
, replaced by a fixed one


pdfTeX warning (dest): name{Hfootnote.3} has been referenced but does not exist
, replaced by a fixed one


pdfTeX warning (dest): name{Hfootnote.2} has been referenced but does not exist
, replaced by a fixed one


pdfTeX warning (dest): name{Hfootnote.1} has been referenced but does not exist
, replaced by a fixed one

</home/lucas_galdino/.tex_installation/texmf-dist/fonts/type1/public/lm/lmbx10.
pfb></home/lucas_galdino/.tex_installation/texmf-dist/fonts/type1/public/lm/lmb
x12.pfb></home/lucas_galdino/.tex_installation/texmf-dist/fonts/type1/public/lm
/lmbx9.pfb></home/lucas_galdino/.tex_installation/texmf-dist/fonts/type1/public
/lm/lmbxi10.pfb></home/lucas_galdino/.tex_installation/texmf-dist/fonts/type1/p
ublic/lm/lmmi10.pfb></home/lucas_galdino/.tex_installation/texmf-dist/fonts/typ
e1/public/lm/lmr10.pfb></home/lucas_galdino/.tex_installation/texmf-dist/fonts/
type1/public/lm/lmr12.pfb></home/lucas_galdino/.tex_installation/texmf-dist/fon
ts/type1/public/lm/lmr17.pfb></home/lucas_galdino/.tex_installation/texmf-dist/
fonts/type1/public/lm/lmr6.pfb></home/lucas_galdino/.tex_installation/texmf-dis
t/fonts/type1/public/lm/lmr7.pfb></home/lucas_galdino/.tex_installation/texmf-d
ist/fonts/type1/public/lm/lmr8.pfb></home/lucas_galdino/.tex_installation/texmf
-dist/fonts/type1/public/lm/lmr9.pfb></home/lucas_galdino/.tex_installation/tex
mf-dist/fonts/type1/public/lm/lmri10.pfb></home/lucas_galdino/.tex_installation
/texmf-dist/fonts/type1/public/lm/lmri7.pfb></home/lucas_galdino/.tex_installat
ion/texmf-dist/fonts/type1/public/lm/lmri8.pfb></home/lucas_galdino/.tex_instal
lation/texmf-dist/fonts/type1/public/lm/lmri9.pfb></home/lucas_galdino/.tex_ins
tallation/texmf-dist/fonts/type1/public/lm/lmss10.pfb></home/lucas_galdino/.tex
_installation/texmf-dist/fonts/type1/public/lm/lmss8.pfb></home/lucas_galdino/.
tex_installation/texmf-dist/fonts/type1/public/lm/lmss9.pfb></home/lucas_galdin
o/.tex_installation/texmf-dist/fonts/type1/public/lm/lmssbx10.pfb></home/lucas_
galdino/.tex_installation/texmf-dist/fonts/type1/public/lm/lmsso10.pfb></home/l
ucas_galdino/.tex_installation/texmf-dist/fonts/type1/public/lm/lmsy10.pfb></ho
me/lucas_galdino/.tex_installation/texmf-dist/fonts/type1/public/lm/lmtk10.pfb>
</home/lucas_galdino/.tex_installation/texmf-dist/fonts/type1/public/lm/lmtt10.
pfb></home/lucas_galdino/.tex_installation/texmf-dist/fonts/type1/public/lm/lmt
t8.pfb></home/lucas_galdino/.tex_installation/texmf-dist/fonts/type1/public/lm/
lmtt9.pfb></home/lucas_galdino/.tex_installation/texmf-dist/fonts/type1/public/
lm/lmtti10.pfb>
Output written on abntex2cite.pdf (27 pages, 668970 bytes).
PDF statistics:
 790 PDF objects out of 1000 (max. 8388607)
 697 compressed objects within 7 object streams
 202 named destinations out of 1000 (max. 500000)
 73689 words of extra memory for PDF output out of 74296 (max. 10000000)

