\BOOKMARK [1][-]{toc1.1}{\376\377\000S\000u\000m\000\341\000r\000i\000o}{}% 1
\BOOKMARK [1][-]{toc2.1}{\376\377\000L\000i\000s\000t\000a\000\040\000d\000e\000\040\000T\000a\000b\000e\000l\000a\000s}{}% 2
\BOOKMARK [1][-]{section.1}{\376\377\0001\000\040\000E\000s\000c\000o\000p\000o}{}% 3
\BOOKMARK [1][-]{section.2}{\376\377\0002\000\040\000C\000r\000\351\000d\000i\000t\000o\000s\000\040\000a\000o\000s\000\040\000a\000u\000t\000o\000r\000e\000s\000\040\000o\000r\000i\000g\000i\000n\000a\000i\000s}{}% 4
\BOOKMARK [1][-]{section.3}{\376\377\0003\000\040\000O\000\040\000n\000o\000v\000o\000\040\000p\000a\000c\000o\000t\000e\000\040\000b\000i\000b\000l\000a\000t\000e\000x\000-\000a\000b\000n\000t}{}% 5
\BOOKMARK [1][-]{section.4}{\376\377\0004\000\040\000C\000o\000n\000s\000i\000d\000e\000r\000a\000\347\000\365\000e\000s\000\040\000i\000n\000i\000c\000i\000a\000i\000s}{}% 6
\BOOKMARK [2][-]{subsection.4.1}{\376\377\0004\000.\0001\000\040\000S\000e\000\040\000p\000u\000d\000e\000r\000,\000\040\000e\000v\000i\000t\000e\000\040\000a\000\040\000`\000n\000o\000r\000m\000a\000'\000\040\000A\000N\000B\000T\000\040\000N\000B\000R\000\040\0006\0000\0002\0003}{section.4}% 7
\BOOKMARK [2][-]{subsection.4.2}{\376\377\0004\000.\0002\000\040\000C\000u\000i\000d\000a\000d\000o\000:\000\040\000n\000o\000r\000m\000a\000s\000\040\000n\000e\000b\000u\000l\000o\000s\000a\000s\000!}{section.4}% 8
\BOOKMARK [2][-]{subsection.4.3}{\376\377\0004\000.\0003\000\040\000A\000t\000\351\000\040\000q\000u\000e\000\040\000p\000o\000n\000t\000o\000\040\000e\000s\000t\000e\000\040\000e\000s\000t\000i\000l\000o\000\040\000b\000i\000b\000t\000e\000x\000\040\000c\000u\000m\000p\000r\000e\000\040\000a\000\040\000`\000n\000o\000r\000m\000a\000'\000\040\0006\0000\0002\0003\000?}{section.4}% 9
\BOOKMARK [2][-]{subsection.4.4}{\376\377\0004\000.\0004\000\040\000O\000\040\000a\000b\000n\000t\000e\000x\0002\000c\000i\000t\000e\000\040\000e\000s\000t\000\341\000\040\000e\000m\000\040\000c\000o\000n\000f\000o\000r\000m\000i\000d\000a\000d\000e\000\040\000c\000o\000m\000\040\000a\000\040\000A\000B\000N\000T\000\040\000N\000B\000R\000\040\0006\0000\0002\0003\000:\0002\0000\0000\0002\000?}{section.4}% 10
\BOOKMARK [2][-]{subsection.4.5}{\376\377\0004\000.\0005\000\040\000E\000m\000\040\000q\000u\000e\000\040\000a\000m\000b\000i\000e\000n\000t\000e\000\040\000f\000o\000r\000a\000m\000\040\000d\000e\000s\000e\000n\000v\000o\000l\000v\000i\000d\000o\000s\000\040\000o\000s\000\040\000e\000s\000t\000i\000l\000o\000s\000?}{section.4}% 11
\BOOKMARK [1][-]{section.5}{\376\377\0005\000\040\000U\000s\000o\000\040\000d\000e\000\040\000a\000b\000n\000t\000e\000x\0002\000c\000i\000t\000e}{}% 12
\BOOKMARK [2][-]{subsection.5.1}{\376\377\0005\000.\0001\000\040\000S\000e\000l\000e\000\347\000\343\000o\000\040\000d\000o\000s\000\040\000e\000s\000t\000i\000l\000o\000s}{section.5}% 13
\BOOKMARK [3][-]{subsubsection.5.1.1}{\376\377\0005\000.\0001\000.\0001\000\040\000C\000i\000t\000a\000\347\000\343\000o\000\040\000n\000u\000m\000\351\000r\000i\000c\000a\000\040\000[\000n\000u\000m\000]}{subsection.5.1}% 14
\BOOKMARK [3][-]{subsubsection.5.1.2}{\376\377\0005\000.\0001\000.\0002\000\040\000A\000\040\000c\000i\000t\000a\000\347\000\343\000o\000\040\000n\000o\000\040\000t\000e\000x\000t\000o}{subsection.5.1}% 15
\BOOKMARK [3][-]{subsubsection.5.1.3}{\376\377\0005\000.\0001\000.\0003\000\040\000C\000o\000n\000t\000e\000\372\000d\000o\000\040\000d\000a\000\040\000r\000e\000f\000e\000r\000\352\000n\000c\000i\000a\000\040\000b\000i\000b\000l\000i\000o\000g\000r\000\341\000f\000i\000c\000a}{subsection.5.1}% 16
\BOOKMARK [3][-]{subsubsection.5.1.4}{\376\377\0005\000.\0001\000.\0004\000\040\000A\000l\000t\000e\000r\000a\000\347\000\343\000o\000\040\000d\000o\000\040\000e\000s\000t\000i\000l\000o\000\040\000d\000e\000\040\000c\000h\000a\000m\000a\000d\000a\000\040\000[\000n\000u\000m\000]}{subsection.5.1}% 17
\BOOKMARK [3][-]{subsubsection.5.1.5}{\376\377\0005\000.\0001\000.\0005\000\040\000C\000i\000t\000a\000\347\000\343\000o\000\040\000a\000l\000f\000a\000b\000\351\000t\000i\000c\000a\000\040\000p\000o\000r\000\040\000a\000u\000t\000o\000r\000-\000d\000a\000t\000a\000\040\000[\000a\000l\000f\000]}{subsection.5.1}% 18
\BOOKMARK [2][-]{subsection.5.2}{\376\377\0005\000.\0002\000\040\000C\000u\000i\000d\000a\000d\000o\000s\000\040\000c\000o\000m\000\040\000a\000\040\000a\000c\000e\000n\000t\000u\000a\000\347\000\343\000o}{section.5}% 19
\BOOKMARK [2][-]{subsection.5.3}{\376\377\0005\000.\0003\000\040\000S\000i\000g\000l\000a\000s\000\040\000e\000\040\000l\000e\000t\000r\000a\000s\000\040\000m\000a\000i\000\372\000s\000c\000u\000l\000a\000s\000\040\000n\000o\000s\000\040\000t\000\355\000t\000u\000l\000o\000s\000\040\000d\000a\000s\000\040\000r\000e\000f\000e\000r\000\352\000n\000c\000i\000a\000s}{section.5}% 20
\BOOKMARK [2][-]{subsection.5.4}{\376\377\0005\000.\0004\000\040\000A\000u\000t\000o\000r\000\040\000c\000o\000m\000\040\000s\000o\000b\000r\000e\000n\000o\000m\000e\000\040\000c\000o\000m\000p\000o\000s\000t\000o}{section.5}% 21
\BOOKMARK [2][-]{subsection.5.5}{\376\377\0005\000.\0005\000\040\000U\000R\000L\000s\000\040\000l\000o\000n\000g\000a\000s}{section.5}% 22
\BOOKMARK [1][-]{section.6}{\376\377\0006\000\040\000U\000t\000i\000l\000i\000z\000a\000\347\000\343\000o\000\040\000d\000a\000\040\000c\000i\000t\000a\000\347\000\343\000o\000\040\000p\000o\000r\000\040\000s\000i\000s\000t\000e\000m\000a\000\040\000a\000u\000t\000o\000r\000-\000d\000a\000t\000a\000\040\000[\000a\000l\000f\000]}{}% 23
\BOOKMARK [1][-]{section.7}{\376\377\0007\000\040\000A\000l\000t\000e\000r\000a\000\347\000\343\000o\000\040\000d\000i\000n\000\342\000m\000i\000c\000a\000\040\000d\000a\000s\000\040\000o\000p\000\347\000\365\000e\000s\000\040\000d\000o\000\040\000e\000s\000t\000i\000l\000o\000\040\000[\000c\000i\000t\000e\000o\000p\000t\000i\000o\000n\000]}{}% 24
\BOOKMARK [2][-]{subsection.7.1}{\376\377\0007\000.\0001\000\040\000C\000o\000m\000o\000\040\000p\000r\000o\000c\000e\000d\000e\000r}{section.7}% 25
\BOOKMARK [3][-]{subsubsection.7.1.1}{\376\377\0007\000.\0001\000.\0001\000\040\000U\000s\000a\000n\000d\000o\000\040\000a\000b\000n\000t\000e\000x\0002\000c\000i\000t\000e\000\040\000e\000\040\000c\000i\000t\000e\000o\000p\000t\000i\000o\000n}{subsection.7.1}% 26
\BOOKMARK [3][-]{subsubsection.7.1.2}{\376\377\0007\000.\0001\000.\0002\000\040\000S\000e\000m\000\040\000u\000s\000a\000r\000\040\000a\000b\000n\000t\000e\000x\0002\000c\000i\000t\000e\000\040\000n\000e\000m\000\040\000c\000i\000t\000e\000o\000p\000t\000i\000o\000n}{subsection.7.1}% 27
\BOOKMARK [3][-]{subsubsection.7.1.3}{\376\377\0007\000.\0001\000.\0003\000\040\000C\000o\000m\000o\000\040\000a\000g\000r\000u\000p\000a\000r\000\040\000v\000\341\000r\000i\000a\000s\000\040\000o\000p\000\347\000\365\000e\000s}{subsection.7.1}% 28
\BOOKMARK [3][-]{subsubsection.7.1.4}{\376\377\0007\000.\0001\000.\0004\000\040\000C\000u\000i\000d\000a\000d\000o\000s\000\040\000a\000\040\000s\000e\000r\000e\000m\000\040\000t\000o\000m\000a\000d\000o\000s\000\040\000c\000o\000m\000\040\000o\000p\000\347\000\365\000e\000s}{subsection.7.1}% 29
\BOOKMARK [2][-]{subsection.7.2}{\376\377\0007\000.\0002\000\040\000Q\000u\000a\000n\000d\000o\000\040\000c\000o\000m\000e\000\347\000a\000\040\000a\000\040\000v\000a\000l\000e\000r\000\040\000a\000\040\000o\000p\000\347\000\343\000o\000?}{section.7}% 30
\BOOKMARK [3][-]{subsubsection.7.2.1}{\376\377\0007\000.\0002\000.\0001\000\040\000S\000i\000s\000t\000e\000m\000a\000\040\000n\000u\000m\000\351\000r\000i\000c\000o\000\040\000[\000n\000u\000m\000]}{subsection.7.2}% 31
\BOOKMARK [3][-]{subsubsection.7.2.2}{\376\377\0007\000.\0002\000.\0002\000\040\000S\000i\000s\000t\000e\000m\000a\000\040\000a\000l\000f\000a\000b\000\351\000t\000i\000c\000o\000\040\000p\000o\000r\000\040\000a\000u\000t\000o\000r\000-\000d\000a\000t\000a\000\040\000[\000a\000l\000f\000]}{subsection.7.2}% 32
\BOOKMARK [2][-]{subsection.7.3}{\376\377\0007\000.\0003\000\040\000C\000o\000m\000a\000n\000d\000o\000s\000\040\000c\000o\000n\000t\000r\000o\000l\000a\000d\000o\000s\000\040\000p\000o\000r\000\040\000c\000i\000t\000e\000o\000p\000t\000i\000o\000n}{section.7}% 33
\BOOKMARK [2][-]{subsection.7.4}{\376\377\0007\000.\0004\000\040\000O\000p\000\347\000\365\000e\000s\000\040\000a\000g\000r\000u\000p\000a\000d\000a\000s}{section.7}% 34
\BOOKMARK [1][-]{section.8}{\376\377\0008\000\040\000N\000o\000v\000o\000s\000\040\000c\000a\000m\000p\000o\000s}{}% 35
\BOOKMARK [2][-]{subsection.8.1}{\376\377\0008\000.\0001\000\040\000E\000n\000d\000e\000r\000e\000\347\000o\000s\000\040\000d\000e\000\040\000i\000n\000t\000e\000r\000n\000e\000t\000\040\000\050\000u\000r\000l\000\051}{section.8}% 36
\BOOKMARK [1][-]{section.9}{\376\377\0009\000\040\000N\000o\000v\000a\000s\000\040\000e\000n\000t\000r\000a\000d\000a\000s\000\040\000.\000b\000i\000b}{}% 37
\BOOKMARK [2][-]{subsection.9.1}{\376\377\0009\000.\0001\000\040\000@\000A\000B\000N\000T\000-\000o\000p\000t\000i\000o\000n\000\040\040\024\000\040\000M\000u\000d\000a\000n\000\347\000a\000\040\000n\000o\000\040\000e\000s\000t\000i\000l\000o\000\040\000A\000B\000N\000T}{section.9}% 38
\BOOKMARK [2][-]{subsection.9.2}{\376\377\0009\000.\0002\000\040\000@\000h\000i\000d\000d\000e\000n\000\040\040\024\000\040\000E\000n\000t\000r\000a\000d\000a\000\040\000e\000s\000c\000o\000n\000d\000i\000d\000a}{section.9}% 39
\BOOKMARK [2][-]{subsection.9.3}{\376\377\0009\000.\0003\000\040\000@\000I\000S\000O\000-\000o\000p\000t\000i\000o\000n\000\040\040\024\000\040\000M\000u\000d\000a\000n\000\347\000a\000\040\000d\000e\000\040\000e\000s\000t\000i\000l\000o\000\040\000I\000S\000O}{section.9}% 40
\BOOKMARK [2][-]{subsection.9.4}{\376\377\0009\000.\0004\000\040\000@\000j\000o\000u\000r\000n\000a\000l\000p\000a\000r\000t\000\040\040\024\000\040\000P\000a\000r\000t\000e\000s\000\040\000d\000e\000\040\000p\000e\000r\000i\000\363\000d\000i\000c\000o\000s\000\040}{section.9}% 41
\BOOKMARK [2][-]{subsection.9.5}{\376\377\0009\000.\0005\000\040\000@\000m\000o\000n\000o\000g\000r\000a\000p\000h\000y\000\040\040\024\000\040\000M\000o\000n\000o\000g\000r\000a\000f\000i\000a\000s}{section.9}% 42
\BOOKMARK [2][-]{subsection.9.6}{\376\377\0009\000.\0006\000\040\000@\000p\000a\000t\000e\000n\000t\000\040\040\024\000\040\000P\000a\000t\000e\000n\000t\000e\000s}{section.9}% 43
\BOOKMARK [2][-]{subsection.9.7}{\376\377\0009\000.\0007\000\040\000@\000t\000h\000e\000s\000i\000s\000\040\040\024\000\040\000T\000e\000s\000e\000s\000\040\000d\000e\000\040\000m\000o\000d\000o\000\040\000g\000e\000r\000a\000l}{section.9}% 44
\BOOKMARK [1][-]{lstnumber.-26.1}{\376\377\000R\000e\000f\000e\000r\000\352\000n\000c\000i\000a\000s}{}% 45
\BOOKMARK [1][-]{appendix.A}{\376\377\000A\000\040\000Q\000u\000e\000s\000t\000\365\000e\000s\000\040\000e\000s\000p\000e\000c\000\355\000f\000i\000c\000a\000s\000\040\000d\000a\000\040\000`\000n\000o\000r\000m\000a\000'\000\040\0006\0000\0002\0003\000\040\000e\000\040\000s\000u\000a\000\040\000i\000m\000p\000l\000e\000m\000e\000n\000t\000a\000\347\000\343\000o}{}% 46
\BOOKMARK [2][-]{subsection.A.1}{\376\377\000A\000.\0001\000\040\000A\000\040\000`\000n\000o\000r\000m\000a\000'\000\040\000e\000m\000\040\000c\000o\000n\000t\000r\000a\000d\000i\000\347\000\343\000o\000\040\000c\000o\000m\000\040\000e\000l\000a\000\040\000m\000e\000s\000m\000a}{appendix.A}% 47
\BOOKMARK [2][-]{subsection.A.2}{\376\377\000A\000.\0002\000\040\000E\000l\000e\000m\000e\000n\000t\000o\000s\000\040\000e\000s\000s\000e\000n\000c\000i\000a\000i\000s\000\040\000e\000\040\000c\000o\000m\000p\000l\000e\000m\000e\000n\000t\000a\000r\000e\000s}{appendix.A}% 48
\BOOKMARK [2][-]{subsection.A.3}{\376\377\000A\000.\0003\000\040\000P\000a\000r\000t\000e\000s\000\040\000d\000e\000\040\000c\000o\000l\000e\000t\000\342\000n\000e\000a\000s\000\040\000[\000i\000n\000c\000o\000l\000l\000e\000c\000t\000i\000o\000n\000]\000\040\000e\000\040\000l\000i\000v\000r\000o\000s\000\040\000[\000i\000n\000b\000o\000o\000k\000]}{appendix.A}% 49
\BOOKMARK [2][-]{subsection.A.4}{\376\377\000A\000.\0004\000\040\000E\000v\000e\000n\000t\000o\000s\000,\000\040\000A\000n\000a\000i\000s\000,\000\040\000P\000r\000o\000c\000e\000e\000d\000i\000n\000g\000s}{appendix.A}% 50
\BOOKMARK [2][-]{subsection.A.5}{\376\377\000A\000.\0005\000\040\000N\000o\000m\000e\000s\000\040\000p\000e\000s\000s\000o\000a\000i\000s\000\040\000[\000a\000u\000t\000h\000o\000r\000]}{appendix.A}% 51
\BOOKMARK [3][-]{subsubsection.A.5.1}{\376\377\000A\000.\0005\000.\0001\000\040\000C\000o\000m\000e\000n\000t\000\341\000r\000i\000o\000:}{subsection.A.5}% 52
\BOOKMARK [2][-]{subsection.A.6}{\376\377\000A\000.\0006\000\040\000T\000\355\000t\000u\000l\000o\000\040\000\050\000t\000i\000t\000l\000e\000\051\000\040\000e\000\040\000s\000u\000b\000t\000\355\000t\000u\000l\000o\000\040\000\050\000s\000u\000b\000t\000i\000t\000l\000e\000\051}{appendix.A}% 53
\BOOKMARK [3][-]{subsubsection.A.6.1}{\376\377\000A\000.\0006\000.\0001\000\040\000C\000o\000m\000e\000n\000t\000\341\000r\000i\000o\000:}{subsection.A.6}% 54
\BOOKMARK [2][-]{subsection.A.7}{\376\377\000A\000.\0007\000\040\000A\000u\000s\000\352\000n\000c\000i\000a\000\040\000d\000e\000\040\000l\000o\000c\000a\000l\000\040\000\050\000a\000d\000d\000r\000e\000s\000s\000\051\000\040\000e\000\040\000e\000d\000i\000t\000o\000r\000a\000\040\000\050\000p\000u\000b\000l\000i\000s\000h\000e\000r\000\051}{appendix.A}% 55
\BOOKMARK [3][-]{subsubsection.A.7.1}{\376\377\000A\000.\0007\000.\0001\000\040\000C\000o\000m\000e\000n\000t\000\341\000r\000i\000o\000:}{subsection.A.7}% 56
\BOOKMARK [2][-]{subsection.A.8}{\376\377\000A\000.\0008\000\040\000T\000e\000s\000e\000s\000,\000\040\000D\000i\000s\000s\000e\000r\000t\000a\000\347\000\365\000e\000s\000,\000\040\000M\000o\000n\000o\000g\000r\000a\000f\000i\000a\000s}{appendix.A}% 57
\BOOKMARK [3][-]{subsubsection.A.8.1}{\376\377\000A\000.\0008\000.\0001\000\040\000C\000o\000m\000e\000n\000t\000\341\000r\000i\000o}{subsection.A.8}% 58
\BOOKMARK [1][-]{appendix.B}{\376\377\000B\000\040\000R\000e\000f\000e\000r\000\352\000n\000c\000i\000a\000s\000\040\000s\000e\000g\000u\000n\000d\000o\000\040\000o\000\040\000t\000i\000p\000o\000\040\000d\000e\000\040\000e\000n\000t\000r\000a\000d\000a\000\040\000b\000i\000b\000t\000e\000x}{}% 59
